Archive member included to satisfy reference by file (symbol)

d:/all/devemcu/gcc_arm/gccarm/bin/../lib/gcc/arm-none-eabi/10.3.1/../../../../arm-none-eabi/lib/thumb/v7-m/nofp\libc_nano.a(lib_a-exit.o)
                              d:/all/devemcu/gcc_arm/gccarm/bin/../lib/gcc/arm-none-eabi/10.3.1/../../../../arm-none-eabi/lib/thumb/v7-m/nofp/crt0.o (exit)
d:/all/devemcu/gcc_arm/gccarm/bin/../lib/gcc/arm-none-eabi/10.3.1/../../../../arm-none-eabi/lib/thumb/v7-m/nofp\libc_nano.a(lib_a-impure.o)
                              d:/all/devemcu/gcc_arm/gccarm/bin/../lib/gcc/arm-none-eabi/10.3.1/../../../../arm-none-eabi/lib/thumb/v7-m/nofp\libc_nano.a(lib_a-exit.o) (_global_impure_ptr)
d:/all/devemcu/gcc_arm/gccarm/bin/../lib/gcc/arm-none-eabi/10.3.1/../../../../arm-none-eabi/lib/thumb/v7-m/nofp\libc_nano.a(lib_a-init.o)
                              d:/all/devemcu/gcc_arm/gccarm/bin/../lib/gcc/arm-none-eabi/10.3.1/../../../../arm-none-eabi/lib/thumb/v7-m/nofp/crt0.o (__libc_init_array)
d:/all/devemcu/gcc_arm/gccarm/bin/../lib/gcc/arm-none-eabi/10.3.1/../../../../arm-none-eabi/lib/thumb/v7-m/nofp\libc_nano.a(lib_a-memset.o)
                              d:/all/devemcu/gcc_arm/gccarm/bin/../lib/gcc/arm-none-eabi/10.3.1/../../../../arm-none-eabi/lib/thumb/v7-m/nofp/crt0.o (memset)
d:/all/devemcu/gcc_arm/gccarm/bin/../lib/gcc/arm-none-eabi/10.3.1/../../../../arm-none-eabi/lib/thumb/v7-m/nofp\libg_nano.a(lib_a-errno.o)
                              CMakeFiles/stm32f1.dir/Core/Src/sysmem.c.obj (__errno)
d:/all/devemcu/gcc_arm/gccarm/bin/../lib/gcc/arm-none-eabi/10.3.1/../../../../arm-none-eabi/lib/thumb/v7-m/nofp\libg_nano.a(lib_a-memcpy-stub.o)
                              CMakeFiles/stm32f1.dir/Sparrow/IPC/mequeue.c.obj (memcpy)

Discarded input sections

 .text          0x00000000        0x0 d:/all/devemcu/gcc_arm/gccarm/bin/../lib/gcc/arm-none-eabi/10.3.1/thumb/v7-m/nofp/crti.o
 .data          0x00000000        0x0 d:/all/devemcu/gcc_arm/gccarm/bin/../lib/gcc/arm-none-eabi/10.3.1/thumb/v7-m/nofp/crti.o
 .bss           0x00000000        0x0 d:/all/devemcu/gcc_arm/gccarm/bin/../lib/gcc/arm-none-eabi/10.3.1/thumb/v7-m/nofp/crti.o
 .data          0x00000000        0x4 d:/all/devemcu/gcc_arm/gccarm/bin/../lib/gcc/arm-none-eabi/10.3.1/thumb/v7-m/nofp/crtbegin.o
 .rodata        0x00000000       0x24 d:/all/devemcu/gcc_arm/gccarm/bin/../lib/gcc/arm-none-eabi/10.3.1/thumb/v7-m/nofp/crtbegin.o
 .text          0x00000000       0x7c d:/all/devemcu/gcc_arm/gccarm/bin/../lib/gcc/arm-none-eabi/10.3.1/../../../../arm-none-eabi/lib/thumb/v7-m/nofp/crt0.o
 .data          0x00000000        0x0 d:/all/devemcu/gcc_arm/gccarm/bin/../lib/gcc/arm-none-eabi/10.3.1/../../../../arm-none-eabi/lib/thumb/v7-m/nofp/crt0.o
 .bss           0x00000000        0x0 d:/all/devemcu/gcc_arm/gccarm/bin/../lib/gcc/arm-none-eabi/10.3.1/../../../../arm-none-eabi/lib/thumb/v7-m/nofp/crt0.o
 .ARM.extab     0x00000000        0x0 d:/all/devemcu/gcc_arm/gccarm/bin/../lib/gcc/arm-none-eabi/10.3.1/../../../../arm-none-eabi/lib/thumb/v7-m/nofp/crt0.o
 .ARM.exidx     0x00000000       0x10 d:/all/devemcu/gcc_arm/gccarm/bin/../lib/gcc/arm-none-eabi/10.3.1/../../../../arm-none-eabi/lib/thumb/v7-m/nofp/crt0.o
 .ARM.attributes
                0x00000000       0x1b d:/all/devemcu/gcc_arm/gccarm/bin/../lib/gcc/arm-none-eabi/10.3.1/../../../../arm-none-eabi/lib/thumb/v7-m/nofp/crt0.o
 .text          0x00000000        0x0 d:/all/devemcu/gcc_arm/gccarm/bin/../lib/gcc/arm-none-eabi/10.3.1/../../../../arm-none-eabi/lib/thumb/v7-m/nofp\libc_nano.a(lib_a-exit.o)
 .data          0x00000000        0x0 d:/all/devemcu/gcc_arm/gccarm/bin/../lib/gcc/arm-none-eabi/10.3.1/../../../../arm-none-eabi/lib/thumb/v7-m/nofp\libc_nano.a(lib_a-exit.o)
 .bss           0x00000000        0x0 d:/all/devemcu/gcc_arm/gccarm/bin/../lib/gcc/arm-none-eabi/10.3.1/../../../../arm-none-eabi/lib/thumb/v7-m/nofp\libc_nano.a(lib_a-exit.o)
 .text.exit     0x00000000       0x28 d:/all/devemcu/gcc_arm/gccarm/bin/../lib/gcc/arm-none-eabi/10.3.1/../../../../arm-none-eabi/lib/thumb/v7-m/nofp\libc_nano.a(lib_a-exit.o)
 .debug_frame   0x00000000       0x28 d:/all/devemcu/gcc_arm/gccarm/bin/../lib/gcc/arm-none-eabi/10.3.1/../../../../arm-none-eabi/lib/thumb/v7-m/nofp\libc_nano.a(lib_a-exit.o)
 .ARM.attributes
                0x00000000       0x2d d:/all/devemcu/gcc_arm/gccarm/bin/../lib/gcc/arm-none-eabi/10.3.1/../../../../arm-none-eabi/lib/thumb/v7-m/nofp\libc_nano.a(lib_a-exit.o)
 .text          0x00000000        0x0 d:/all/devemcu/gcc_arm/gccarm/bin/../lib/gcc/arm-none-eabi/10.3.1/../../../../arm-none-eabi/lib/thumb/v7-m/nofp\libc_nano.a(lib_a-impure.o)
 .data          0x00000000        0x0 d:/all/devemcu/gcc_arm/gccarm/bin/../lib/gcc/arm-none-eabi/10.3.1/../../../../arm-none-eabi/lib/thumb/v7-m/nofp\libc_nano.a(lib_a-impure.o)
 .bss           0x00000000        0x0 d:/all/devemcu/gcc_arm/gccarm/bin/../lib/gcc/arm-none-eabi/10.3.1/../../../../arm-none-eabi/lib/thumb/v7-m/nofp\libc_nano.a(lib_a-impure.o)
[...]
Memory Configuration

Name             Origin             Length             Attributes
RAM              0x20000000         0x00005000         xrw
FLASH            0x08000000         0x00010000         xr
*default*        0x00000000         0xffffffff

Linker script and memory map

LOAD d:/all/devemcu/gcc_arm/gccarm/bin/../lib/gcc/arm-none-eabi/10.3.1/thumb/v7-m/nofp/crti.o
LOAD d:/all/devemcu/gcc_arm/gccarm/bin/../lib/gcc/arm-none-eabi/10.3.1/thumb/v7-m/nofp/crtbegin.o
LOAD d:/all/devemcu/gcc_arm/gccarm/bin/../lib/gcc/arm-none-eabi/10.3.1/../../../../arm-none-eabi/lib/thumb/v7-m/nofp/crt0.o
START GROUP
LOAD d:/all/devemcu/gcc_arm/gccarm/bin/../lib/gcc/arm-none-eabi/10.3.1/../../../../arm-none-eabi/lib/thumb/v7-m/nofp\libc_nano.a
LOAD d:/all/devemcu/gcc_arm/gccarm/bin/../lib/gcc/arm-none-eabi/10.3.1/../../../../arm-none-eabi/lib/thumb/v7-m/nofp\libm.a
END GROUP
LOAD CMakeFiles/stm32f1.dir/Sparrow/scheduler/schedule.c.obj
LOAD CMakeFiles/stm32f1.dir/Sparrow/IPC/sem.c.obj
LOAD CMakeFiles/stm32f1.dir/Sparrow/memory/heap.c.obj
LOAD CMakeFiles/stm32f1.dir/Sparrow/IPC/mequeue.c.obj
LOAD CMakeFiles/stm32f1.dir/Sparrow/IPC/mutex.c.obj
LOAD CMakeFiles/stm32f1.dir/Core/Src/main.c.obj
LOAD CMakeFiles/stm32f1.dir/Core/Src/stm32f1xx_it.c.obj
LOAD CMakeFiles/stm32f1.dir/Core/Src/stm32f1xx_hal_msp.c.obj
LOAD CMakeFiles/stm32f1.dir/Core/Src/stm32f1xx_hal_timebase_tim.c.obj
LOAD CMakeFiles/stm32f1.dir/Drivers/STM32F1xx_HAL_Driver/Src/stm32f1xx_hal_gpio_ex.c.obj
LOAD CMakeFiles/stm32f1.dir/Drivers/STM32F1xx_HAL_Driver/Src/stm32f1xx_hal_tim.c.obj
LOAD CMakeFiles/stm32f1.dir/Drivers/STM32F1xx_HAL_Driver/Src/stm32f1xx_hal_tim_ex.c.obj
LOAD CMakeFiles/stm32f1.dir/Drivers/STM32F1xx_HAL_Driver/Src/stm32f1xx_hal.c.obj
LOAD CMakeFiles/stm32f1.dir/Drivers/STM32F1xx_HAL_Driver/Src/stm32f1xx_hal_rcc.c.obj
LOAD CMakeFiles/stm32f1.dir/Drivers/STM32F1xx_HAL_Driver/Src/stm32f1xx_hal_rcc_ex.c.obj
LOAD CMakeFiles/stm32f1.dir/Drivers/STM32F1xx_HAL_Driver/Src/stm32f1xx_hal_gpio.c.obj
LOAD CMakeFiles/stm32f1.dir/Drivers/STM32F1xx_HAL_Driver/Src/stm32f1xx_hal_dma.c.obj
LOAD CMakeFiles/stm32f1.dir/Drivers/STM32F1xx_HAL_Driver/Src/stm32f1xx_hal_cortex.c.obj
LOAD CMakeFiles/stm32f1.dir/Drivers/STM32F1xx_HAL_Driver/Src/stm32f1xx_hal_pwr.c.obj
LOAD CMakeFiles/stm32f1.dir/Drivers/STM32F1xx_HAL_Driver/Src/stm32f1xx_hal_flash.c.obj
LOAD CMakeFiles/stm32f1.dir/Drivers/STM32F1xx_HAL_Driver/Src/stm32f1xx_hal_flash_ex.c.obj
LOAD CMakeFiles/stm32f1.dir/Drivers/STM32F1xx_HAL_Driver/Src/stm32f1xx_hal_exti.c.obj
LOAD CMakeFiles/stm32f1.dir/Core/Src/system_stm32f1xx.c.obj
LOAD CMakeFiles/stm32f1.dir/Core/Src/sysmem.c.obj
LOAD CMakeFiles/stm32f1.dir/Core/Src/syscalls.c.obj
LOAD CMakeFiles/stm32f1.dir/startup_stm32f103xb.s.obj
START GROUP
LOAD d:/all/devemcu/gcc_arm/gccarm/bin/../lib/gcc/arm-none-eabi/10.3.1/thumb/v7-m/nofp\libgcc.a
LOAD d:/all/devemcu/gcc_arm/gccarm/bin/../lib/gcc/arm-none-eabi/10.3.1/../../../../arm-none-eabi/lib/thumb/v7-m/nofp\libg_nano.a
LOAD d:/all/devemcu/gcc_arm/gccarm/bin/../lib/gcc/arm-none-eabi/10.3.1/../../../../arm-none-eabi/lib/thumb/v7-m/nofp\libc_nano.a
END GROUP
START GROUP
LOAD d:/all/devemcu/gcc_arm/gccarm/bin/../lib/gcc/arm-none-eabi/10.3.1/thumb/v7-m/nofp\libgcc.a
LOAD d:/all/devemcu/gcc_arm/gccarm/bin/../lib/gcc/arm-none-eabi/10.3.1/../../../../arm-none-eabi/lib/thumb/v7-m/nofp\libc_nano.a
END GROUP
LOAD d:/all/devemcu/gcc_arm/gccarm/bin/../lib/gcc/arm-none-eabi/10.3.1/thumb/v7-m/nofp/crtend.o
LOAD d:/all/devemcu/gcc_arm/gccarm/bin/../lib/gcc/arm-none-eabi/10.3.1/thumb/v7-m/nofp/crtn.o
                0x20005000                _estack = (ORIGIN (RAM) + LENGTH (RAM))
                0x00000400                _Min_Heap_Size = 0x400
                0x00000600                _Min_Stack_Size = 0x600

.isr_vector     0x08000000      0x10c
                0x08000000                . = ALIGN (0x4)
 *(.isr_vector)
 .isr_vector    0x08000000      0x10c CMakeFiles/stm32f1.dir/startup_stm32f103xb.s.obj
                0x08000000                g_pfnVectors
                0x0800010c                . = ALIGN (0x4)

.text           0x08000110     0x236c
                0x08000110                . = ALIGN (0x4)
 *(.text)
 .text          0x08000110       0x40 d:/all/devemcu/gcc_arm/gccarm/bin/../lib/gcc/arm-none-eabi/10.3.1/thumb/v7-m/nofp/crtbegin.o
 *(.text*)
 .text.__libc_init_array
                0x08000150       0x48 d:/all/devemcu/gcc_arm/gccarm/bin/../lib/gcc/arm-none-eabi/10.3.1/../../../../arm-none-eabi/lib/thumb/v7-m/nofp\libc_nano.a(lib_a-init.o)
                0x08000150                __libc_init_array
 .text.memset   0x08000198       0x10 d:/all/devemcu/gcc_arm/gccarm/bin/../lib/gcc/arm-none-eabi/10.3.1/../../../../arm-none-eabi/lib/thumb/v7-m/nofp\libc_nano.a(lib_a-memset.o)
                0x08000198                memset
 .text.GetCurrentTCB
                0x080001a8       0x14 CMakeFiles/stm32f1.dir/Sparrow/scheduler/schedule.c.obj
                0x080001a8                GetCurrentTCB
 .text.schedule
                0x080001bc       0x18 CMakeFiles/stm32f1.dir/Sparrow/scheduler/schedule.c.obj
                0x080001bc                schedule
 *fill*         0x080001d4        0xc 
 .text.SVC_Handler
                0x080001e0       0x28 CMakeFiles/stm32f1.dir/Sparrow/scheduler/schedule.c.obj
                0x080001e0                SVC_Handler
 *fill*         0x08000208        0x8 
 .text.PendSV_Handler
                0x08000210       0x58 CMakeFiles/stm32f1.dir/Sparrow/scheduler/schedule.c.obj
                0x08000210                PendSV_Handler
 .text.xEnterCritical
                0x08000268       0x2e CMakeFiles/stm32f1.dir/Sparrow/scheduler/schedule.c.obj
                0x08000268                xEnterCritical
 .text.xExitCritical
                0x08000296       0x24 CMakeFiles/stm32f1.dir/Sparrow/scheduler/schedule.c.obj
                0x08000296                xExitCritical
 .text.FindHighestPriority
                0x080002ba       0x26 CMakeFiles/stm32f1.dir/Sparrow/scheduler/schedule.c.obj
                0x080002ba                FindHighestPriority
 .text.vTaskSwitchContext
                0x080002e0       0x54 CMakeFiles/stm32f1.dir/Sparrow/scheduler/schedule.c.obj
                0x080002e0                vTaskSwitchContext
 .text.TaskDelay
                0x08000334       0x9c CMakeFiles/stm32f1.dir/Sparrow/scheduler/schedule.c.obj
                0x08000334                TaskDelay
 .text.CheckTicks
                0x080003d0       0xd4 CMakeFiles/stm32f1.dir/Sparrow/scheduler/schedule.c.obj
                0x080003d0                CheckTicks
 .text.SysTick_Handler
                0x080004a4       0x64 CMakeFiles/stm32f1.dir/Sparrow/scheduler/schedule.c.obj
                0x080004a4                SysTick_Handler
 .text.pxPortInitialiseStack
                0x08000508       0x4a CMakeFiles/stm32f1.dir/Sparrow/scheduler/schedule.c.obj
                0x08000508                pxPortInitialiseStack
 *fill*         0x08000552        0x2 
 .text.xTaskCreate
                0x08000554       0x9c CMakeFiles/stm32f1.dir/Sparrow/scheduler/schedule.c.obj
                0x08000554                xTaskCreate
 .text.EnterSleepMode
                0x080005f0       0x28 CMakeFiles/stm32f1.dir/Sparrow/scheduler/schedule.c.obj
                0x080005f0                EnterSleepMode
 .text.leisureTask
                0x08000618        0xa CMakeFiles/stm32f1.dir/Sparrow/scheduler/schedule.c.obj
                0x08000618                leisureTask
 *fill*         0x08000622        0x2 
 .text.SchedulerInit
                0x08000624       0x40 CMakeFiles/stm32f1.dir/Sparrow/scheduler/schedule.c.obj
                0x08000624                SchedulerInit
 .text.SchedulerStart
                0x08000664       0x80 CMakeFiles/stm32f1.dir/Sparrow/scheduler/schedule.c.obj
                0x08000664                SchedulerStart
 .text.GetTaskHandle
                0x080006e4       0x20 CMakeFiles/stm32f1.dir/Sparrow/scheduler/schedule.c.obj
                0x080006e4                GetTaskHandle
 .text.GetTaskPriority
                0x08000704       0x16 CMakeFiles/stm32f1.dir/Sparrow/scheduler/schedule.c.obj
                0x08000704                GetTaskPriority
 *fill*         0x0800071a        0x2 
 .text.StateAdd
                0x0800071c       0x78 CMakeFiles/stm32f1.dir/Sparrow/scheduler/schedule.c.obj
                0x0800071c                StateAdd
 .text.StateRemove
                0x08000794       0x7c CMakeFiles/stm32f1.dir/Sparrow/scheduler/schedule.c.obj
                0x08000794                StateRemove
 .text.CheckState
                0x08000810       0x7c CMakeFiles/stm32f1.dir/Sparrow/scheduler/schedule.c.obj
                0x08000810                CheckState
 .text.heap_init
                0x0800088c       0xa4 CMakeFiles/stm32f1.dir/Sparrow/memory/heap.c.obj
                0x0800088c                heap_init
 .text.heap_malloc
                0x08000930       0xc8 CMakeFiles/stm32f1.dir/Sparrow/memory/heap.c.obj
                0x08000930                heap_malloc
 .text.queue_creat
                0x080009f8       0x76 CMakeFiles/stm32f1.dir/Sparrow/IPC/mequeue.c.obj
                0x080009f8                queue_creat
 .text.WriteToQueue
                0x08000a6e       0xac CMakeFiles/stm32f1.dir/Sparrow/IPC/mequeue.c.obj
                0x08000a6e                WriteToQueue
 .text.ExtractFromQueue
                0x08000b1a       0xac CMakeFiles/stm32f1.dir/Sparrow/IPC/mequeue.c.obj
                0x08000b1a                ExtractFromQueue
 *fill*         0x08000bc6        0x2 
 .text.queue_send
                0x08000bc8      0x108 CMakeFiles/stm32f1.dir/Sparrow/IPC/mequeue.c.obj
                0x08000bc8                queue_send
 .text.queue_receive
                0x08000cd0      0x120 CMakeFiles/stm32f1.dir/Sparrow/IPC/mequeue.c.obj
                0x08000cd0                queue_receive
 .text.vCreateQueues
                0x08000df0       0x3c CMakeFiles/stm32f1.dir/Core/Src/main.c.obj
                0x08000df0                vCreateQueues
 .text.led_extinguish
                0x08000e2c       0x30 CMakeFiles/stm32f1.dir/Core/Src/main.c.obj
                0x08000e2c                led_extinguish
 .text.led_bright
                0x08000e5c       0x30 CMakeFiles/stm32f1.dir/Core/Src/main.c.obj
                0x08000e5c                led_bright
 .text.APP      0x08000e8c       0x40 CMakeFiles/stm32f1.dir/Core/Src/main.c.obj
                0x08000e8c                APP
 .text.main     0x08000ecc       0x1e CMakeFiles/stm32f1.dir/Core/Src/main.c.obj
                0x08000ecc                main
 .text.SystemClock_Config
                0x08000eea       0x8a CMakeFiles/stm32f1.dir/Core/Src/main.c.obj
                0x08000eea                SystemClock_Config
 .text.MX_GPIO_Init
                0x08000f74       0x98 CMakeFiles/stm32f1.dir/Core/Src/main.c.obj
 .text.HAL_TIM_PeriodElapsedCallback
                0x0800100c       0x24 CMakeFiles/stm32f1.dir/Core/Src/main.c.obj
                0x0800100c                HAL_TIM_PeriodElapsedCallback
 .text.Error_Handler
                0x08001030        0xa CMakeFiles/stm32f1.dir/Core/Src/main.c.obj
                0x08001030                Error_Handler
 .text.NMI_Handler
                0x0800103a        0x6 CMakeFiles/stm32f1.dir/Core/Src/stm32f1xx_it.c.obj
                0x0800103a                NMI_Handler
 .text.HardFault_Handler
                0x08001040        0x6 CMakeFiles/stm32f1.dir/Core/Src/stm32f1xx_it.c.obj
                0x08001040                HardFault_Handler
 .text.MemManage_Handler
                0x08001046        0x6 CMakeFiles/stm32f1.dir/Core/Src/stm32f1xx_it.c.obj
                0x08001046                MemManage_Handler
 .text.BusFault_Handler
                0x0800104c        0x6 CMakeFiles/stm32f1.dir/Core/Src/stm32f1xx_it.c.obj
                0x0800104c                BusFault_Handler
 .text.UsageFault_Handler
                0x08001052        0x6 CMakeFiles/stm32f1.dir/Core/Src/stm32f1xx_it.c.obj
                0x08001052                UsageFault_Handler
 .text.DebugMon_Handler
                0x08001058        0xc CMakeFiles/stm32f1.dir/Core/Src/stm32f1xx_it.c.obj
                0x08001058                DebugMon_Handler
 .text.TIM1_UP_IRQHandler
                0x08001064       0x14 CMakeFiles/stm32f1.dir/Core/Src/stm32f1xx_it.c.obj
                0x08001064                TIM1_UP_IRQHandler
 .text.HAL_MspInit
                0x08001078       0x64 CMakeFiles/stm32f1.dir/Core/Src/stm32f1xx_hal_msp.c.obj
                0x08001078                HAL_MspInit
 .text.HAL_InitTick
                0x080010dc       0xe4 CMakeFiles/stm32f1.dir/Core/Src/stm32f1xx_hal_timebase_tim.c.obj
                0x080010dc                HAL_InitTick
 .text.HAL_TIM_Base_Init
                0x080011c0       0x9e CMakeFiles/stm32f1.dir/Drivers/STM32F1xx_HAL_Driver/Src/stm32f1xx_hal_tim.c.obj
                0x080011c0                HAL_TIM_Base_Init
 .text.HAL_TIM_Base_MspInit
                0x0800125e       0x12 CMakeFiles/stm32f1.dir/Drivers/STM32F1xx_HAL_Driver/Src/stm32f1xx_hal_tim.c.obj
                0x0800125e                HAL_TIM_Base_MspInit
 .text.HAL_TIM_Base_Start_IT
                0x08001270       0xa4 CMakeFiles/stm32f1.dir/Drivers/STM32F1xx_HAL_Driver/Src/stm32f1xx_hal_tim.c.obj
                0x08001270                HAL_TIM_Base_Start_IT
 .text.HAL_TIM_IRQHandler
                0x08001314      0x1e0 CMakeFiles/stm32f1.dir/Drivers/STM32F1xx_HAL_Driver/Src/stm32f1xx_hal_tim.c.obj
                0x08001314                HAL_TIM_IRQHandler
 .text.HAL_TIM_OC_DelayElapsedCallback
                0x080014f4       0x12 CMakeFiles/stm32f1.dir/Drivers/STM32F1xx_HAL_Driver/Src/stm32f1xx_hal_tim.c.obj
                0x080014f4                HAL_TIM_OC_DelayElapsedCallback
 .text.HAL_TIM_IC_CaptureCallback
                0x08001506       0x12 CMakeFiles/stm32f1.dir/Drivers/STM32F1xx_HAL_Driver/Src/stm32f1xx_hal_tim.c.obj
                0x08001506                HAL_TIM_IC_CaptureCallback
 .text.HAL_TIM_PWM_PulseFinishedCallback
                0x08001518       0x12 CMakeFiles/stm32f1.dir/Drivers/STM32F1xx_HAL_Driver/Src/stm32f1xx_hal_tim.c.obj
                0x08001518                HAL_TIM_PWM_PulseFinishedCallback
 .text.HAL_TIM_TriggerCallback
                0x0800152a       0x12 CMakeFiles/stm32f1.dir/Drivers/STM32F1xx_HAL_Driver/Src/stm32f1xx_hal_tim.c.obj
                0x0800152a                HAL_TIM_TriggerCallback
 .text.TIM_Base_SetConfig
                0x0800153c       0xdc CMakeFiles/stm32f1.dir/Drivers/STM32F1xx_HAL_Driver/Src/stm32f1xx_hal_tim.c.obj
                0x0800153c                TIM_Base_SetConfig
 .text.HAL_TIMEx_CommutCallback
                0x08001618       0x12 CMakeFiles/stm32f1.dir/Drivers/STM32F1xx_HAL_Driver/Src/stm32f1xx_hal_tim_ex.c.obj
                0x08001618                HAL_TIMEx_CommutCallback
 .text.HAL_TIMEx_BreakCallback
                0x0800162a       0x12 CMakeFiles/stm32f1.dir/Drivers/STM32F1xx_HAL_Driver/Src/stm32f1xx_hal_tim_ex.c.obj
                0x0800162a                HAL_TIMEx_BreakCallback
 .text.HAL_Init
                0x0800163c       0x2c CMakeFiles/stm32f1.dir/Drivers/STM32F1xx_HAL_Driver/Src/stm32f1xx_hal.c.obj
                0x0800163c                HAL_Init
 .text.HAL_IncTick
                0x08001668       0x24 CMakeFiles/stm32f1.dir/Drivers/STM32F1xx_HAL_Driver/Src/stm32f1xx_hal.c.obj
                0x08001668                HAL_IncTick
 .text.HAL_GetTick
                0x0800168c       0x14 CMakeFiles/stm32f1.dir/Drivers/STM32F1xx_HAL_Driver/Src/stm32f1xx_hal.c.obj
                0x0800168c                HAL_GetTick
 .text.HAL_RCC_OscConfig
                0x080016a0      0x504 CMakeFiles/stm32f1.dir/Drivers/STM32F1xx_HAL_Driver/Src/stm32f1xx_hal_rcc.c.obj
                0x080016a0                HAL_RCC_OscConfig
 .text.HAL_RCC_ClockConfig
                0x08001ba4      0x1d4 CMakeFiles/stm32f1.dir/Drivers/STM32F1xx_HAL_Driver/Src/stm32f1xx_hal_rcc.c.obj
                0x08001ba4                HAL_RCC_ClockConfig
 .text.HAL_RCC_GetSysClockFreq
                0x08001d78       0xa8 CMakeFiles/stm32f1.dir/Drivers/STM32F1xx_HAL_Driver/Src/stm32f1xx_hal_rcc.c.obj
                0x08001d78                HAL_RCC_GetSysClockFreq
 .text.HAL_RCC_GetHCLKFreq
                0x08001e20       0x14 CMakeFiles/stm32f1.dir/Drivers/STM32F1xx_HAL_Driver/Src/stm32f1xx_hal_rcc.c.obj
                0x08001e20                HAL_RCC_GetHCLKFreq
 .text.HAL_RCC_GetPCLK2Freq
                0x08001e34       0x28 CMakeFiles/stm32f1.dir/Drivers/STM32F1xx_HAL_Driver/Src/stm32f1xx_hal_rcc.c.obj
                0x08001e34                HAL_RCC_GetPCLK2Freq
 .text.HAL_RCC_GetClockConfig
                0x08001e5c       0x60 CMakeFiles/stm32f1.dir/Drivers/STM32F1xx_HAL_Driver/Src/stm32f1xx_hal_rcc.c.obj
                0x08001e5c                HAL_RCC_GetClockConfig
 .text.RCC_Delay
                0x08001ebc       0x3c CMakeFiles/stm32f1.dir/Drivers/STM32F1xx_HAL_Driver/Src/stm32f1xx_hal_rcc.c.obj
 .text.HAL_GPIO_Init
                0x08001ef8      0x308 CMakeFiles/stm32f1.dir/Drivers/STM32F1xx_HAL_Driver/Src/stm32f1xx_hal_gpio.c.obj
                0x08001ef8                HAL_GPIO_Init
 .text.HAL_GPIO_WritePin
                0x08002200       0x30 CMakeFiles/stm32f1.dir/Drivers/STM32F1xx_HAL_Driver/Src/stm32f1xx_hal_gpio.c.obj
                0x08002200                HAL_GPIO_WritePin
 .text.__NVIC_SetPriorityGrouping
                0x08002230       0x48 CMakeFiles/stm32f1.dir/Drivers/STM32F1xx_HAL_Driver/Src/stm32f1xx_hal_cortex.c.obj
 .text.__NVIC_GetPriorityGrouping
                0x08002278       0x1c CMakeFiles/stm32f1.dir/Drivers/STM32F1xx_HAL_Driver/Src/stm32f1xx_hal_cortex.c.obj
 .text.__NVIC_EnableIRQ
                0x08002294       0x38 CMakeFiles/stm32f1.dir/Drivers/STM32F1xx_HAL_Driver/Src/stm32f1xx_hal_cortex.c.obj
 .text.__NVIC_SetPriority
                0x080022cc       0x54 CMakeFiles/stm32f1.dir/Drivers/STM32F1xx_HAL_Driver/Src/stm32f1xx_hal_cortex.c.obj
 .text.NVIC_EncodePriority
                0x08002320       0x64 CMakeFiles/stm32f1.dir/Drivers/STM32F1xx_HAL_Driver/Src/stm32f1xx_hal_cortex.c.obj
 .text.HAL_NVIC_SetPriorityGrouping
                0x08002384       0x16 CMakeFiles/stm32f1.dir/Drivers/STM32F1xx_HAL_Driver/Src/stm32f1xx_hal_cortex.c.obj
                0x08002384                HAL_NVIC_SetPriorityGrouping
 .text.HAL_NVIC_SetPriority
                0x0800239a       0x38 CMakeFiles/stm32f1.dir/Drivers/STM32F1xx_HAL_Driver/Src/stm32f1xx_hal_cortex.c.obj
                0x0800239a                HAL_NVIC_SetPriority
 .text.HAL_NVIC_EnableIRQ
                0x080023d2       0x1c CMakeFiles/stm32f1.dir/Drivers/STM32F1xx_HAL_Driver/Src/stm32f1xx_hal_cortex.c.obj
                0x080023d2                HAL_NVIC_EnableIRQ
 .text.SystemInit
                0x080023ee        0xc CMakeFiles/stm32f1.dir/Core/Src/system_stm32f1xx.c.obj
                0x080023ee                SystemInit
 *fill*         0x080023fa        0x2 
 .text.Reset_Handler
                0x080023fc       0x48 CMakeFiles/stm32f1.dir/startup_stm32f103xb.s.obj
                0x080023fc                Reset_Handler
 .text.Default_Handler
                0x08002444        0x2 CMakeFiles/stm32f1.dir/startup_stm32f103xb.s.obj
                0x08002444                RTC_Alarm_IRQHandler
                0x08002444                EXTI2_IRQHandler
                0x08002444                TIM1_CC_IRQHandler
                0x08002444                PVD_IRQHandler
                0x08002444                EXTI3_IRQHandler
                0x08002444                EXTI0_IRQHandler
                0x08002444                I2C2_EV_IRQHandler
                0x08002444                ADC1_2_IRQHandler
                0x08002444                SPI1_IRQHandler
                0x08002444                TAMPER_IRQHandler
                0x08002444                DMA1_Channel4_IRQHandler
                0x08002444                USART3_IRQHandler
                0x08002444                RTC_IRQHandler
                0x08002444                DMA1_Channel7_IRQHandler
                0x08002444                CAN1_RX1_IRQHandler
                0x08002444                TIM4_IRQHandler
                0x08002444                I2C1_EV_IRQHandler
                0x08002444                DMA1_Channel6_IRQHandler
                0x08002444                TIM3_IRQHandler
                0x08002444                RCC_IRQHandler
                0x08002444                TIM1_TRG_COM_IRQHandler
                0x08002444                DMA1_Channel1_IRQHandler
                0x08002444                Default_Handler
                0x08002444                EXTI15_10_IRQHandler
                0x08002444                EXTI9_5_IRQHandler
                0x08002444                SPI2_IRQHandler
                0x08002444                DMA1_Channel5_IRQHandler
                0x08002444                EXTI4_IRQHandler
                0x08002444                USB_LP_CAN1_RX0_IRQHandler
                0x08002444                USB_HP_CAN1_TX_IRQHandler
                0x08002444                DMA1_Channel3_IRQHandler
                0x08002444                WWDG_IRQHandler
                0x08002444                TIM2_IRQHandler
                0x08002444                TIM1_BRK_IRQHandler
                0x08002444                EXTI1_IRQHandler
                0x08002444                USART2_IRQHandler
                0x08002444                I2C2_ER_IRQHandler
                0x08002444                DMA1_Channel2_IRQHandler
                0x08002444                CAN1_SCE_IRQHandler
                0x08002444                FLASH_IRQHandler
                0x08002444                USART1_IRQHandler
                0x08002444                I2C1_ER_IRQHandler
                0x08002444                USBWakeUp_IRQHandler
 .text.memcpy   0x08002446       0x1c d:/all/devemcu/gcc_arm/gccarm/bin/../lib/gcc/arm-none-eabi/10.3.1/../../../../arm-none-eabi/lib/thumb/v7-m/nofp\libg_nano.a(lib_a-memcpy-stub.o)
                0x08002446                memcpy
 *(.glue_7)
 .glue_7        0x08002462        0x0 linker stubs
 *(.glue_7t)
 .glue_7t       0x08002462        0x0 linker stubs
 *(.eh_frame)
 *fill*         0x08002462        0x2 
 .eh_frame      0x08002464        0x0 d:/all/devemcu/gcc_arm/gccarm/bin/../lib/gcc/arm-none-eabi/10.3.1/thumb/v7-m/nofp/crtbegin.o
 *(.init)
 .init          0x08002464        0x4 d:/all/devemcu/gcc_arm/gccarm/bin/../lib/gcc/arm-none-eabi/10.3.1/thumb/v7-m/nofp/crti.o
                0x08002464                _init
 .init          0x08002468        0x8 d:/all/devemcu/gcc_arm/gccarm/bin/../lib/gcc/arm-none-eabi/10.3.1/thumb/v7-m/nofp/crtn.o
 *(.fini)
 .fini          0x08002470        0x4 d:/all/devemcu/gcc_arm/gccarm/bin/../lib/gcc/arm-none-eabi/10.3.1/thumb/v7-m/nofp/crti.o
                0x08002470                _fini
 .fini          0x08002474        0x8 d:/all/devemcu/gcc_arm/gccarm/bin/../lib/gcc/arm-none-eabi/10.3.1/thumb/v7-m/nofp/crtn.o
                0x0800247c                . = ALIGN (0x4)
                0x0800247c                _etext = .

.vfp11_veneer   0x0800247c        0x0
 .vfp11_veneer  0x0800247c        0x0 linker stubs

.v4_bx          0x0800247c        0x0
 .v4_bx         0x0800247c        0x0 linker stubs

.iplt           0x0800247c        0x0
 .iplt          0x0800247c        0x0 d:/all/devemcu/gcc_arm/gccarm/bin/../lib/gcc/arm-none-eabi/10.3.1/thumb/v7-m/nofp/crtbegin.o

.rodata         0x0800247c       0x2c
                0x0800247c                . = ALIGN (0x4)
 *(.rodata)
 *(.rodata*)
 .rodata.aPLLMULFactorTable.1
                0x0800247c       0x10 CMakeFiles/stm32f1.dir/Drivers/STM32F1xx_HAL_Driver/Src/stm32f1xx_hal_rcc.c.obj
 .rodata.aPredivFactorTable.0
                0x0800248c        0x2 CMakeFiles/stm32f1.dir/Drivers/STM32F1xx_HAL_Driver/Src/stm32f1xx_hal_rcc.c.obj
 *fill*         0x0800248e        0x2 
 .rodata.AHBPrescTable
                0x08002490       0x10 CMakeFiles/stm32f1.dir/Core/Src/system_stm32f1xx.c.obj
                0x08002490                AHBPrescTable
 .rodata.APBPrescTable
                0x080024a0        0x8 CMakeFiles/stm32f1.dir/Core/Src/system_stm32f1xx.c.obj
                0x080024a0                APBPrescTable
                0x080024a8                . = ALIGN (0x4)

.rel.dyn        0x080024a8        0x0
 .rel.iplt      0x080024a8        0x0 d:/all/devemcu/gcc_arm/gccarm/bin/../lib/gcc/arm-none-eabi/10.3.1/thumb/v7-m/nofp/crtbegin.o

.ARM.extab
 *(.ARM.extab* .gnu.linkonce.armextab.*)

.ARM            0x080024a8        0x0
                0x080024a8                __exidx_start = .
 *(.ARM.exidx*)
                0x080024a8                __exidx_end = .

.preinit_array  0x080024a8        0x0
                0x080024a8                PROVIDE (__preinit_array_start = .)
 *(.preinit_array*)
                0x080024a8                PROVIDE (__preinit_array_end = .)

.init_array     0x080024a8        0x4
                0x080024a8                PROVIDE (__init_array_start = .)
 *(SORT_BY_NAME(.init_array.*))
 *(.init_array*)
 .init_array    0x080024a8        0x4 d:/all/devemcu/gcc_arm/gccarm/bin/../lib/gcc/arm-none-eabi/10.3.1/thumb/v7-m/nofp/crtbegin.o
                0x080024ac                PROVIDE (__init_array_end = .)

.fini_array     0x080024ac        0x4
                [!provide]                PROVIDE (__fini_array_start = .)
 *(SORT_BY_NAME(.fini_array.*))
 *(.fini_array*)
 .fini_array    0x080024ac        0x4 d:/all/devemcu/gcc_arm/gccarm/bin/../lib/gcc/arm-none-eabi/10.3.1/thumb/v7-m/nofp/crtbegin.o
                [!provide]                PROVIDE (__fini_array_end = .)
                0x080024b0                _sidata = LOADADDR (.data)

.data           0x20000000       0x1c load address 0x080024b0
                0x20000000                . = ALIGN (0x4)
                0x20000000                _sdata = .
 *(.data)
 *(.data*)
 .data.TheHeap  0x20000000       0x10 CMakeFiles/stm32f1.dir/Sparrow/memory/heap.c.obj
                0x20000000                TheHeap
 .data.uwTickPrio
                0x20000010        0x4 CMakeFiles/stm32f1.dir/Drivers/STM32F1xx_HAL_Driver/Src/stm32f1xx_hal.c.obj
                0x20000010                uwTickPrio
 .data.uwTickFreq
                0x20000014        0x1 CMakeFiles/stm32f1.dir/Drivers/STM32F1xx_HAL_Driver/Src/stm32f1xx_hal.c.obj
                0x20000014                uwTickFreq
 *fill*         0x20000015        0x3 
 .data.SystemCoreClock
                0x20000018        0x4 CMakeFiles/stm32f1.dir/Core/Src/system_stm32f1xx.c.obj
                0x20000018                SystemCoreClock
                0x2000001c                . = ALIGN (0x4)
                0x2000001c                _edata = .

.igot.plt       0x2000001c        0x0 load address 0x080024cc
 .igot.plt      0x2000001c        0x0 d:/all/devemcu/gcc_arm/gccarm/bin/../lib/gcc/arm-none-eabi/10.3.1/thumb/v7-m/nofp/crtbegin.o
                0x2000001c                . = ALIGN (0x4)

.bss            0x2000001c     0x2250 load address 0x080024cc
                0x2000001c                _sbss = .
                0x2000001c                __bss_start__ = _sbss
 *(.bss)
 .bss           0x2000001c       0x1c d:/all/devemcu/gcc_arm/gccarm/bin/../lib/gcc/arm-none-eabi/10.3.1/thumb/v7-m/nofp/crtbegin.o
 *(.bss*)
 .bss.schedule_currentTCB
                0x20000038        0x4 CMakeFiles/stm32f1.dir/Sparrow/scheduler/schedule.c.obj
                0x20000038                schedule_currentTCB
 .bss.TicksBase
                0x2000003c        0x4 CMakeFiles/stm32f1.dir/Sparrow/scheduler/schedule.c.obj
                0x2000003c                TicksBase
 .bss.TcbTaskTable
                0x20000040       0x80 CMakeFiles/stm32f1.dir/Sparrow/scheduler/schedule.c.obj
                0x20000040                TcbTaskTable
 .bss.TicksTable
                0x200000c0       0x80 CMakeFiles/stm32f1.dir/Sparrow/scheduler/schedule.c.obj
                0x200000c0                TicksTable
 .bss.TicksTableAssist
                0x20000140       0x80 CMakeFiles/stm32f1.dir/Sparrow/scheduler/schedule.c.obj
                0x20000140                TicksTableAssist
 .bss.WakeTicksTable
                0x200001c0        0x4 CMakeFiles/stm32f1.dir/Sparrow/scheduler/schedule.c.obj
                0x200001c0                WakeTicksTable
 .bss.OverWakeTicksTable
                0x200001c4        0x4 CMakeFiles/stm32f1.dir/Sparrow/scheduler/schedule.c.obj
                0x200001c4                OverWakeTicksTable
 .bss.StateTable
                0x200001c8       0x14 CMakeFiles/stm32f1.dir/Sparrow/scheduler/schedule.c.obj
                0x200001c8                StateTable
 .bss.schedule_PendSV
                0x200001dc        0x1 CMakeFiles/stm32f1.dir/Sparrow/scheduler/schedule.c.obj
                0x200001dc                schedule_PendSV
 *fill*         0x200001dd        0x3 
 .bss.leisureTcb
                0x200001e0        0x4 CMakeFiles/stm32f1.dir/Sparrow/scheduler/schedule.c.obj
                0x200001e0                leisureTcb
 .bss.AllHeap   0x200001e4     0x2000 CMakeFiles/stm32f1.dir/Sparrow/memory/heap.c.obj
 .bss.xMessage  0x200021e4       0x15 CMakeFiles/stm32f1.dir/Core/Src/main.c.obj
                0x200021e4                xMessage
 *fill*         0x200021f9        0x3 
 .bss.aMessage  0x200021fc       0x15 CMakeFiles/stm32f1.dir/Core/Src/main.c.obj
                0x200021fc                aMessage
 *fill*         0x20002211        0x3 
 .bss.xStructQueue
                0x20002214        0x4 CMakeFiles/stm32f1.dir/Core/Src/main.c.obj
                0x20002214                xStructQueue
 .bss.tcbTask1  0x20002218        0x4 CMakeFiles/stm32f1.dir/Core/Src/main.c.obj
                0x20002218                tcbTask1
 .bss.tcbTask2  0x2000221c        0x4 CMakeFiles/stm32f1.dir/Core/Src/main.c.obj
                0x2000221c                tcbTask2
 .bss.htim1     0x20002220       0x48 CMakeFiles/stm32f1.dir/Core/Src/stm32f1xx_hal_timebase_tim.c.obj
                0x20002220                htim1
 .bss.uwTick    0x20002268        0x4 CMakeFiles/stm32f1.dir/Drivers/STM32F1xx_HAL_Driver/Src/stm32f1xx_hal.c.obj
                0x20002268                uwTick
 *(COMMON)
                0x2000226c                . = ALIGN (0x4)
                0x2000226c                _ebss = .
                0x2000226c                __bss_end__ = _ebss

._user_heap_stack
                0x2000226c      0xa04 load address 0x080024cc
                0x20002270                . = ALIGN (0x8)
 *fill*         0x2000226c        0x4 
                [!provide]                PROVIDE (end = .)
                0x20002270                PROVIDE (_end = .)
                0x20002670                . = (. + _Min_Heap_Size)
 *fill*         0x20002270      0x400 
                0x20002c70                . = (. + _Min_Stack_Size)
 *fill*         0x20002670      0x600 
                0x20002c70                . = ALIGN (0x8)

/DISCARD/
 libc.a(*)
 libm.a(*)
 libgcc.a(*)

.ARM.attributes
                0x00000000       0x29
 *(.ARM.attributes)
 .ARM.attributes
                0x00000000       0x1d d:/all/devemcu/gcc_arm/gccarm/bin/../lib/gcc/arm-none-eabi/10.3.1/thumb/v7-m/nofp/crti.o
 .ARM.attributes
                0x0000001d       0x2d d:/all/devemcu/gcc_arm/gccarm/bin/../lib/gcc/arm-none-eabi/10.3.1/thumb/v7-m/nofp/crtbegin.o
 .ARM.attributes
                0x0000004a       0x2d d:/all/devemcu/gcc_arm/gccarm/bin/../lib/gcc/arm-none-eabi/10.3.1/../../../../arm-none-eabi/lib/thumb/v7-m/nofp\libc_nano.a(lib_a-init.o)
 .ARM.attributes
                0x00000077       0x2d d:/all/devemcu/gcc_arm/gccarm/bin/../lib/gcc/arm-none-eabi/10.3.1/../../../../arm-none-eabi/lib/thumb/v7-m/nofp\libc_nano.a(lib_a-memset.o)
 .ARM.attributes
                0x000000a4       0x2d CMakeFiles/stm32f1.dir/Sparrow/scheduler/schedule.c.obj
 .ARM.attributes
                0x000000d1       0x2d CMakeFiles/stm32f1.dir/Sparrow/memory/heap.c.obj
 .ARM.attributes
                0x000000fe       0x2d CMakeFiles/stm32f1.dir/Sparrow/IPC/mequeue.c.obj
 .ARM.attributes
                0x0000012b       0x2d CMakeFiles/stm32f1.dir/Core/Src/main.c.obj
 .ARM.attributes
                0x00000158       0x2d CMakeFiles/stm32f1.dir/Core/Src/stm32f1xx_it.c.obj
 .ARM.attributes
                0x00000185       0x2d CMakeFiles/stm32f1.dir/Core/Src/stm32f1xx_hal_msp.c.obj
 .ARM.attributes
                0x000001b2       0x2d CMakeFiles/stm32f1.dir/Core/Src/stm32f1xx_hal_timebase_tim.c.obj
 .ARM.attributes
                0x000001df       0x2d CMakeFiles/stm32f1.dir/Drivers/STM32F1xx_HAL_Driver/Src/stm32f1xx_hal_tim.c.obj
 .ARM.attributes
                0x0000020c       0x2d CMakeFiles/stm32f1.dir/Drivers/STM32F1xx_HAL_Driver/Src/stm32f1xx_hal_tim_ex.c.obj
 .ARM.attributes
                0x00000239       0x2d CMakeFiles/stm32f1.dir/Drivers/STM32F1xx_HAL_Driver/Src/stm32f1xx_hal.c.obj
 .ARM.attributes
                0x00000266       0x2d CMakeFiles/stm32f1.dir/Drivers/STM32F1xx_HAL_Driver/Src/stm32f1xx_hal_rcc.c.obj
 .ARM.attributes
                0x00000293       0x2d CMakeFiles/stm32f1.dir/Drivers/STM32F1xx_HAL_Driver/Src/stm32f1xx_hal_gpio.c.obj
 .ARM.attributes
                0x000002c0       0x2d CMakeFiles/stm32f1.dir/Drivers/STM32F1xx_HAL_Driver/Src/stm32f1xx_hal_cortex.c.obj
 .ARM.attributes
                0x000002ed       0x2d CMakeFiles/stm32f1.dir/Core/Src/system_stm32f1xx.c.obj
 .ARM.attributes
                0x0000031a       0x21 CMakeFiles/stm32f1.dir/startup_stm32f103xb.s.obj
 .ARM.attributes
                0x0000033b       0x2d d:/all/devemcu/gcc_arm/gccarm/bin/../lib/gcc/arm-none-eabi/10.3.1/../../../../arm-none-eabi/lib/thumb/v7-m/nofp\libg_nano.a(lib_a-memcpy-stub.o)
 .ARM.attributes
                0x00000368       0x1d d:/all/devemcu/gcc_arm/gccarm/bin/../lib/gcc/arm-none-eabi/10.3.1/thumb/v7-m/nofp/crtn.o
OUTPUT(stm32f1.elf elf32-littlearm)
LOAD linker stubs
LOAD d:/all/devemcu/gcc_arm/gccarm/bin/../lib/gcc/arm-none-eabi/10.3.1/../../../../arm-none-eabi/lib/thumb/v7-m/nofp\libc.a
LOAD d:/all/devemcu/gcc_arm/gccarm/bin/../lib/gcc/arm-none-eabi/10.3.1/../../../../arm-none-eabi/lib/thumb/v7-m/nofp\libm.a
LOAD d:/all/devemcu/gcc_arm/gccarm/bin/../lib/gcc/arm-none-eabi/10.3.1/thumb/v7-m/nofp\libgcc.a

.debug_frame    0x00000000     0x2b18
 .debug_frame   0x00000000       0x2c d:/all/devemcu/gcc_arm/gccarm/bin/../lib/gcc/arm-none-eabi/10.3.1/../../../../arm-none-eabi/lib/thumb/v7-m/nofp\libc_nano.a(lib_a-init.o)
 .debug_frame   0x0000002c       0x20 d:/all/devemcu/gcc_arm/gccarm/bin/../lib/gcc/arm-none-eabi/10.3.1/../../../../arm-none-eabi/lib/thumb/v7-m/nofp\libc_nano.a(lib_a-memset.o)
 .debug_frame   0x0000004c      0x370 CMakeFiles/stm32f1.dir/Sparrow/scheduler/schedule.c.obj
 .debug_frame   0x000003bc       0xa8 CMakeFiles/stm32f1.dir/Sparrow/memory/heap.c.obj
 .debug_frame   0x00000464       0xe8 CMakeFiles/stm32f1.dir/Sparrow/IPC/mequeue.c.obj
 .debug_frame   0x0000054c      0x12c CMakeFiles/stm32f1.dir/Core/Src/main.c.obj
 .debug_frame   0x00000678       0xc4 CMakeFiles/stm32f1.dir/Core/Src/stm32f1xx_it.c.obj
 .debug_frame   0x0000073c       0x38 CMakeFiles/stm32f1.dir/Core/Src/stm32f1xx_hal_msp.c.obj
 .debug_frame   0x00000774       0x74 CMakeFiles/stm32f1.dir/Core/Src/stm32f1xx_hal_timebase_tim.c.obj
 .debug_frame   0x000007e8     0x11b8 CMakeFiles/stm32f1.dir/Drivers/STM32F1xx_HAL_Driver/Src/stm32f1xx_hal_tim.c.obj
 .debug_frame   0x000019a0      0x638 CMakeFiles/stm32f1.dir/Drivers/STM32F1xx_HAL_Driver/Src/stm32f1xx_hal_tim_ex.c.obj
 .debug_frame   0x00001fd8      0x334 CMakeFiles/stm32f1.dir/Drivers/STM32F1xx_HAL_Driver/Src/stm32f1xx_hal.c.obj
 .debug_frame   0x0000230c      0x218 CMakeFiles/stm32f1.dir/Drivers/STM32F1xx_HAL_Driver/Src/stm32f1xx_hal_rcc.c.obj
 .debug_frame   0x00002524      0x14c CMakeFiles/stm32f1.dir/Drivers/STM32F1xx_HAL_Driver/Src/stm32f1xx_hal_gpio.c.obj
 .debug_frame   0x00002670      0x428 CMakeFiles/stm32f1.dir/Drivers/STM32F1xx_HAL_Driver/Src/stm32f1xx_hal_cortex.c.obj
 .debug_frame   0x00002a98       0x58 CMakeFiles/stm32f1.dir/Core/Src/system_stm32f1xx.c.obj
 .debug_frame   0x00002af0       0x28 d:/all/devemcu/gcc_arm/gccarm/bin/../lib/gcc/arm-none-eabi/10.3.1/../../../../arm-none-eabi/lib/thumb/v7-m/nofp\libg_nano.a(lib_a-memcpy-stub.o)

.debug_info     0x00000000     0x9211
 .debug_info    0x00000000      0xb8d CMakeFiles/stm32f1.dir/Sparrow/scheduler/schedule.c.obj
 .debug_info    0x00000b8d      0x2bf CMakeFiles/stm32f1.dir/Sparrow/memory/heap.c.obj
 .debug_info    0x00000e4c      0x440 CMakeFiles/stm32f1.dir/Sparrow/IPC/mequeue.c.obj
 .debug_info    0x0000128c      0xb25 CMakeFiles/stm32f1.dir/Core/Src/main.c.obj
 .debug_info    0x00001db1      0x697 CMakeFiles/stm32f1.dir/Core/Src/stm32f1xx_it.c.obj
 .debug_info    0x00002448      0x210 CMakeFiles/stm32f1.dir/Core/Src/stm32f1xx_hal_msp.c.obj
 .debug_info    0x00002658      0x94d CMakeFiles/stm32f1.dir/Core/Src/stm32f1xx_hal_timebase_tim.c.obj
 .debug_info    0x00002fa5     0x2b46 CMakeFiles/stm32f1.dir/Drivers/STM32F1xx_HAL_Driver/Src/stm32f1xx_hal_tim.c.obj
 .debug_info    0x00005aeb     0x1493 CMakeFiles/stm32f1.dir/Drivers/STM32F1xx_HAL_Driver/Src/stm32f1xx_hal_tim_ex.c.obj
 .debug_info    0x00006f7e      0x6e1 CMakeFiles/stm32f1.dir/Drivers/STM32F1xx_HAL_Driver/Src/stm32f1xx_hal.c.obj
 .debug_info    0x0000765f      0x81e CMakeFiles/stm32f1.dir/Drivers/STM32F1xx_HAL_Driver/Src/stm32f1xx_hal_rcc.c.obj
 .debug_info    0x00007e7d      0x615 CMakeFiles/stm32f1.dir/Drivers/STM32F1xx_HAL_Driver/Src/stm32f1xx_hal_gpio.c.obj
 .debug_info    0x00008492      0xb20 CMakeFiles/stm32f1.dir/Drivers/STM32F1xx_HAL_Driver/Src/stm32f1xx_hal_cortex.c.obj
 .debug_info    0x00008fb2      0x23d CMakeFiles/stm32f1.dir/Core/Src/system_stm32f1xx.c.obj
 .debug_info    0x000091ef       0x22 CMakeFiles/stm32f1.dir/startup_stm32f103xb.s.obj

.debug_abbrev   0x00000000     0x1a62
 .debug_abbrev  0x00000000      0x335 CMakeFiles/stm32f1.dir/Sparrow/scheduler/schedule.c.obj
 .debug_abbrev  0x00000335      0x12a CMakeFiles/stm32f1.dir/Sparrow/memory/heap.c.obj
 .debug_abbrev  0x0000045f      0x12d CMakeFiles/stm32f1.dir/Sparrow/IPC/mequeue.c.obj
 .debug_abbrev  0x0000058c      0x26c CMakeFiles/stm32f1.dir/Core/Src/main.c.obj
 .debug_abbrev  0x000007f8      0x15c CMakeFiles/stm32f1.dir/Core/Src/stm32f1xx_it.c.obj
 .debug_abbrev  0x00000954       0xd4 CMakeFiles/stm32f1.dir/Core/Src/stm32f1xx_hal_msp.c.obj
 .debug_abbrev  0x00000a28      0x1a5 CMakeFiles/stm32f1.dir/Core/Src/stm32f1xx_hal_timebase_tim.c.obj
 .debug_abbrev  0x00000bcd      0x238 CMakeFiles/stm32f1.dir/Drivers/STM32F1xx_HAL_Driver/Src/stm32f1xx_hal_tim.c.obj
 .debug_abbrev  0x00000e05      0x240 CMakeFiles/stm32f1.dir/Drivers/STM32F1xx_HAL_Driver/Src/stm32f1xx_hal_tim_ex.c.obj
 .debug_abbrev  0x00001045      0x1c8 CMakeFiles/stm32f1.dir/Drivers/STM32F1xx_HAL_Driver/Src/stm32f1xx_hal.c.obj
 .debug_abbrev  0x0000120d      0x260 CMakeFiles/stm32f1.dir/Drivers/STM32F1xx_HAL_Driver/Src/stm32f1xx_hal_rcc.c.obj
 .debug_abbrev  0x0000146d      0x1bb CMakeFiles/stm32f1.dir/Drivers/STM32F1xx_HAL_Driver/Src/stm32f1xx_hal_gpio.c.obj
 .debug_abbrev  0x00001628      0x2ed CMakeFiles/stm32f1.dir/Drivers/STM32F1xx_HAL_Driver/Src/stm32f1xx_hal_cortex.c.obj
 .debug_abbrev  0x00001915      0x13b CMakeFiles/stm32f1.dir/Core/Src/system_stm32f1xx.c.obj
 .debug_abbrev  0x00001a50       0x12 CMakeFiles/stm32f1.dir/startup_stm32f103xb.s.obj

.debug_aranges  0x00000000      0xaa8
 .debug_aranges
                0x00000000       0xd8 CMakeFiles/stm32f1.dir/Sparrow/scheduler/schedule.c.obj
 .debug_aranges
                0x000000d8       0x38 CMakeFiles/stm32f1.dir/Sparrow/memory/heap.c.obj
 .debug_aranges
                0x00000110       0x48 CMakeFiles/stm32f1.dir/Sparrow/IPC/mequeue.c.obj
 .debug_aranges
                0x00000158       0x60 CMakeFiles/stm32f1.dir/Core/Src/main.c.obj
 .debug_aranges
                0x000001b8       0x50 CMakeFiles/stm32f1.dir/Core/Src/stm32f1xx_it.c.obj
 .debug_aranges
                0x00000208       0x20 CMakeFiles/stm32f1.dir/Core/Src/stm32f1xx_hal_msp.c.obj
 .debug_aranges
                0x00000228       0x30 CMakeFiles/stm32f1.dir/Core/Src/stm32f1xx_hal_timebase_tim.c.obj
 .debug_aranges
                0x00000258      0x3d0 CMakeFiles/stm32f1.dir/Drivers/STM32F1xx_HAL_Driver/Src/stm32f1xx_hal_tim.c.obj
 .debug_aranges
                0x00000628      0x168 CMakeFiles/stm32f1.dir/Drivers/STM32F1xx_HAL_Driver/Src/stm32f1xx_hal_tim_ex.c.obj
 .debug_aranges
                0x00000790       0xe0 CMakeFiles/stm32f1.dir/Drivers/STM32F1xx_HAL_Driver/Src/stm32f1xx_hal.c.obj
 .debug_aranges
                0x00000870       0x90 CMakeFiles/stm32f1.dir/Drivers/STM32F1xx_HAL_Driver/Src/stm32f1xx_hal_rcc.c.obj
 .debug_aranges
                0x00000900       0x58 CMakeFiles/stm32f1.dir/Drivers/STM32F1xx_HAL_Driver/Src/stm32f1xx_hal_gpio.c.obj
 .debug_aranges
                0x00000958      0x100 CMakeFiles/stm32f1.dir/Drivers/STM32F1xx_HAL_Driver/Src/stm32f1xx_hal_cortex.c.obj
 .debug_aranges
                0x00000a58       0x28 CMakeFiles/stm32f1.dir/Core/Src/system_stm32f1xx.c.obj
 .debug_aranges
                0x00000a80       0x28 CMakeFiles/stm32f1.dir/startup_stm32f103xb.s.obj

.debug_ranges   0x00000000      0x9c0
 .debug_ranges  0x00000000       0xc8 CMakeFiles/stm32f1.dir/Sparrow/scheduler/schedule.c.obj
 .debug_ranges  0x000000c8       0x28 CMakeFiles/stm32f1.dir/Sparrow/memory/heap.c.obj
 .debug_ranges  0x000000f0       0x38 CMakeFiles/stm32f1.dir/Sparrow/IPC/mequeue.c.obj
 .debug_ranges  0x00000128       0x50 CMakeFiles/stm32f1.dir/Core/Src/main.c.obj
 .debug_ranges  0x00000178       0x40 CMakeFiles/stm32f1.dir/Core/Src/stm32f1xx_it.c.obj
 .debug_ranges  0x000001b8       0x10 CMakeFiles/stm32f1.dir/Core/Src/stm32f1xx_hal_msp.c.obj
 .debug_ranges  0x000001c8       0x20 CMakeFiles/stm32f1.dir/Core/Src/stm32f1xx_hal_timebase_tim.c.obj
 .debug_ranges  0x000001e8      0x3c0 CMakeFiles/stm32f1.dir/Drivers/STM32F1xx_HAL_Driver/Src/stm32f1xx_hal_tim.c.obj
 .debug_ranges  0x000005a8      0x158 CMakeFiles/stm32f1.dir/Drivers/STM32F1xx_HAL_Driver/Src/stm32f1xx_hal_tim_ex.c.obj
 .debug_ranges  0x00000700       0xd0 CMakeFiles/stm32f1.dir/Drivers/STM32F1xx_HAL_Driver/Src/stm32f1xx_hal.c.obj
 .debug_ranges  0x000007d0       0x80 CMakeFiles/stm32f1.dir/Drivers/STM32F1xx_HAL_Driver/Src/stm32f1xx_hal_rcc.c.obj
 .debug_ranges  0x00000850       0x48 CMakeFiles/stm32f1.dir/Drivers/STM32F1xx_HAL_Driver/Src/stm32f1xx_hal_gpio.c.obj
 .debug_ranges  0x00000898       0xf0 CMakeFiles/stm32f1.dir/Drivers/STM32F1xx_HAL_Driver/Src/stm32f1xx_hal_cortex.c.obj
 .debug_ranges  0x00000988       0x18 CMakeFiles/stm32f1.dir/Core/Src/system_stm32f1xx.c.obj
 .debug_ranges  0x000009a0       0x20 CMakeFiles/stm32f1.dir/startup_stm32f103xb.s.obj

.debug_macro    0x00000000    0x17304
 .debug_macro   0x00000000       0xa7 CMakeFiles/stm32f1.dir/Sparrow/scheduler/schedule.c.obj
 .debug_macro   0x000000a7      0xa6c CMakeFiles/stm32f1.dir/Sparrow/scheduler/schedule.c.obj
 .debug_macro   0x00000b13      0x174 CMakeFiles/stm32f1.dir/Sparrow/scheduler/schedule.c.obj
 .debug_macro   0x00000c87       0x22 CMakeFiles/stm32f1.dir/Sparrow/scheduler/schedule.c.obj
 .debug_macro   0x00000ca9       0x8e CMakeFiles/stm32f1.dir/Sparrow/scheduler/schedule.c.obj
 .debug_macro   0x00000d37       0x51 CMakeFiles/stm32f1.dir/Sparrow/scheduler/schedule.c.obj
 .debug_macro   0x00000d88      0x103 CMakeFiles/stm32f1.dir/Sparrow/scheduler/schedule.c.obj
 .debug_macro   0x00000e8b       0x6a CMakeFiles/stm32f1.dir/Sparrow/scheduler/schedule.c.obj
 .debug_macro   0x00000ef5      0x1df CMakeFiles/stm32f1.dir/Sparrow/scheduler/schedule.c.obj
 .debug_macro   0x000010d4       0x58 CMakeFiles/stm32f1.dir/Sparrow/scheduler/schedule.c.obj
 .debug_macro   0x0000112c       0x8b CMakeFiles/stm32f1.dir/Sparrow/memory/heap.c.obj
 .debug_macro   0x000011b7      0x149 CMakeFiles/stm32f1.dir/Sparrow/IPC/mequeue.c.obj
 .debug_macro   0x00001300       0x5e CMakeFiles/stm32f1.dir/Sparrow/IPC/mequeue.c.obj
 .debug_macro   0x0000135e       0x18 CMakeFiles/stm32f1.dir/Sparrow/IPC/mequeue.c.obj
 .debug_macro   0x00001376       0x94 CMakeFiles/stm32f1.dir/Sparrow/IPC/mequeue.c.obj
 .debug_macro   0x0000140a       0x35 CMakeFiles/stm32f1.dir/Sparrow/IPC/mequeue.c.obj
 .debug_macro   0x0000143f       0x34 CMakeFiles/stm32f1.dir/Sparrow/IPC/mequeue.c.obj
 .debug_macro   0x00001473       0x16 CMakeFiles/stm32f1.dir/Sparrow/IPC/mequeue.c.obj
 .debug_macro   0x00001489       0x43 CMakeFiles/stm32f1.dir/Sparrow/IPC/mequeue.c.obj
 .debug_macro   0x000014cc       0x57 CMakeFiles/stm32f1.dir/Sparrow/IPC/mequeue.c.obj
 .debug_macro   0x00001523       0x34 CMakeFiles/stm32f1.dir/Sparrow/IPC/mequeue.c.obj
 .debug_macro   0x00001557       0x10 CMakeFiles/stm32f1.dir/Sparrow/IPC/mequeue.c.obj
 .debug_macro   0x00001567       0x58 CMakeFiles/stm32f1.dir/Sparrow/IPC/mequeue.c.obj
 .debug_macro   0x000015bf      0x182 CMakeFiles/stm32f1.dir/Sparrow/IPC/mequeue.c.obj
 .debug_macro   0x00001741      0x341 CMakeFiles/stm32f1.dir/Sparrow/IPC/mequeue.c.obj
 .debug_macro   0x00001a82       0x10 CMakeFiles/stm32f1.dir/Sparrow/IPC/mequeue.c.obj
 .debug_macro   0x00001a92       0x35 CMakeFiles/stm32f1.dir/Sparrow/IPC/mequeue.c.obj
 .debug_macro   0x00001ac7      0x274 CMakeFiles/stm32f1.dir/Core/Src/main.c.obj
 .debug_macro   0x00001d3b      0x215 CMakeFiles/stm32f1.dir/Core/Src/main.c.obj
 .debug_macro   0x00001f50       0x2e CMakeFiles/stm32f1.dir/Core/Src/main.c.obj
 .debug_macro   0x00001f7e       0x22 CMakeFiles/stm32f1.dir/Core/Src/main.c.obj
 .debug_macro   0x00001fa0       0x1c CMakeFiles/stm32f1.dir/Core/Src/main.c.obj
 .debug_macro   0x00001fbc       0x22 CMakeFiles/stm32f1.dir/Core/Src/main.c.obj
 .debug_macro   0x00001fde       0xbd CMakeFiles/stm32f1.dir/Core/Src/main.c.obj
 .debug_macro   0x0000209b      0xd23 CMakeFiles/stm32f1.dir/Core/Src/main.c.obj
 .debug_macro   0x00002dbe     0xe09e CMakeFiles/stm32f1.dir/Core/Src/main.c.obj
 .debug_macro   0x00010e5c       0x6d CMakeFiles/stm32f1.dir/Core/Src/main.c.obj
 .debug_macro   0x00010ec9     0x34a2 CMakeFiles/stm32f1.dir/Core/Src/main.c.obj
 .debug_macro   0x0001436b       0x56 CMakeFiles/stm32f1.dir/Core/Src/main.c.obj
 .debug_macro   0x000143c1      0x5bc CMakeFiles/stm32f1.dir/Core/Src/main.c.obj
 .debug_macro   0x0001497d      0x289 CMakeFiles/stm32f1.dir/Core/Src/main.c.obj
 .debug_macro   0x00014c06      0x1cb CMakeFiles/stm32f1.dir/Core/Src/main.c.obj
 .debug_macro   0x00014dd1      0x114 CMakeFiles/stm32f1.dir/Core/Src/main.c.obj
 .debug_macro   0x00014ee5      0x1b2 CMakeFiles/stm32f1.dir/Core/Src/main.c.obj
 .debug_macro   0x00015097       0x27 CMakeFiles/stm32f1.dir/Core/Src/main.c.obj
 .debug_macro   0x000150be      0x136 CMakeFiles/stm32f1.dir/Core/Src/main.c.obj
 .debug_macro   0x000151f4      0x1bc CMakeFiles/stm32f1.dir/Core/Src/main.c.obj
 .debug_macro   0x000153b0       0x34 CMakeFiles/stm32f1.dir/Core/Src/main.c.obj
 .debug_macro   0x000153e4       0x3c CMakeFiles/stm32f1.dir/Core/Src/main.c.obj
 .debug_macro   0x00015420       0x57 CMakeFiles/stm32f1.dir/Core/Src/main.c.obj
 .debug_macro   0x00015477       0x87 CMakeFiles/stm32f1.dir/Core/Src/main.c.obj
 .debug_macro   0x000154fe      0x240 CMakeFiles/stm32f1.dir/Core/Src/main.c.obj
 .debug_macro   0x0001573e      0x140 CMakeFiles/stm32f1.dir/Core/Src/main.c.obj
 .debug_macro   0x0001587e      0x8ed CMakeFiles/stm32f1.dir/Core/Src/main.c.obj
 .debug_macro   0x0001616b       0x83 CMakeFiles/stm32f1.dir/Core/Src/main.c.obj
 .debug_macro   0x000161ee      0x1ad CMakeFiles/stm32f1.dir/Core/Src/stm32f1xx_it.c.obj
 .debug_macro   0x0001639b       0x5c CMakeFiles/stm32f1.dir/Core/Src/stm32f1xx_it.c.obj
 .debug_macro   0x000163f7      0x1a3 CMakeFiles/stm32f1.dir/Core/Src/stm32f1xx_hal_msp.c.obj
 .debug_macro   0x0001659a      0x199 CMakeFiles/stm32f1.dir/Core/Src/stm32f1xx_hal_timebase_tim.c.obj
 .debug_macro   0x00016733      0x19a CMakeFiles/stm32f1.dir/Drivers/STM32F1xx_HAL_Driver/Src/stm32f1xx_hal_tim.c.obj
 .debug_macro   0x000168cd      0x199 CMakeFiles/stm32f1.dir/Drivers/STM32F1xx_HAL_Driver/Src/stm32f1xx_hal_tim_ex.c.obj
 .debug_macro   0x00016a66      0x1bd CMakeFiles/stm32f1.dir/Drivers/STM32F1xx_HAL_Driver/Src/stm32f1xx_hal.c.obj
 .debug_macro   0x00016c23      0x1ab CMakeFiles/stm32f1.dir/Drivers/STM32F1xx_HAL_Driver/Src/stm32f1xx_hal_rcc.c.obj
 .debug_macro   0x00016dce      0x204 CMakeFiles/stm32f1.dir/Drivers/STM32F1xx_HAL_Driver/Src/stm32f1xx_hal_gpio.c.obj
 .debug_macro   0x00016fd2      0x199 CMakeFiles/stm32f1.dir/Drivers/STM32F1xx_HAL_Driver/Src/stm32f1xx_hal_cortex.c.obj
 .debug_macro   0x0001716b      0x199 CMakeFiles/stm32f1.dir/Core/Src/system_stm32f1xx.c.obj

.debug_line     0x00000000     0x9ce4
 .debug_line    0x00000000      0x626 CMakeFiles/stm32f1.dir/Sparrow/scheduler/schedule.c.obj
 .debug_line    0x00000626      0x394 CMakeFiles/stm32f1.dir/Sparrow/memory/heap.c.obj
 .debug_line    0x000009ba      0x4fd CMakeFiles/stm32f1.dir/Sparrow/IPC/mequeue.c.obj
 .debug_line    0x00000eb7      0x78b CMakeFiles/stm32f1.dir/Core/Src/main.c.obj
 .debug_line    0x00001642      0x5d0 CMakeFiles/stm32f1.dir/Core/Src/stm32f1xx_it.c.obj
 .debug_line    0x00001c12      0x535 CMakeFiles/stm32f1.dir/Core/Src/stm32f1xx_hal_msp.c.obj
 .debug_line    0x00002147      0x5a2 CMakeFiles/stm32f1.dir/Core/Src/stm32f1xx_hal_timebase_tim.c.obj
 .debug_line    0x000026e9     0x3285 CMakeFiles/stm32f1.dir/Drivers/STM32F1xx_HAL_Driver/Src/stm32f1xx_hal_tim.c.obj
 .debug_line    0x0000596e     0x1725 CMakeFiles/stm32f1.dir/Drivers/STM32F1xx_HAL_Driver/Src/stm32f1xx_hal_tim_ex.c.obj
 .debug_line    0x00007093      0x7df CMakeFiles/stm32f1.dir/Drivers/STM32F1xx_HAL_Driver/Src/stm32f1xx_hal.c.obj
 .debug_line    0x00007872      0xbeb CMakeFiles/stm32f1.dir/Drivers/STM32F1xx_HAL_Driver/Src/stm32f1xx_hal_rcc.c.obj
 .debug_line    0x0000845d      0x878 CMakeFiles/stm32f1.dir/Drivers/STM32F1xx_HAL_Driver/Src/stm32f1xx_hal_gpio.c.obj
 .debug_line    0x00008cd5      0x9c7 CMakeFiles/stm32f1.dir/Drivers/STM32F1xx_HAL_Driver/Src/stm32f1xx_hal_cortex.c.obj
 .debug_line    0x0000969c      0x5b2 CMakeFiles/stm32f1.dir/Core/Src/system_stm32f1xx.c.obj
 .debug_line    0x00009c4e       0x96 CMakeFiles/stm32f1.dir/startup_stm32f103xb.s.obj

.debug_str      0x00000000    0x87205
 .debug_str     0x00000000     0x42d0 CMakeFiles/stm32f1.dir/Sparrow/scheduler/schedule.c.obj
                               0x452c (size before relaxing)
 .debug_str     0x000042d0      0x16d CMakeFiles/stm32f1.dir/Sparrow/memory/heap.c.obj
                               0x4189 (size before relaxing)
 .debug_str     0x0000443d     0x2991 CMakeFiles/stm32f1.dir/Sparrow/IPC/mequeue.c.obj
                               0x69fc (size before relaxing)
 .debug_str     0x00006dce    0x7df88 CMakeFiles/stm32f1.dir/Core/Src/main.c.obj
                              0x849c8 (size before relaxing)
 .debug_str     0x00084d56       0xb7 CMakeFiles/stm32f1.dir/Core/Src/stm32f1xx_it.c.obj
                              0x81e1a (size before relaxing)
 .debug_str     0x00084e0d       0x6f CMakeFiles/stm32f1.dir/Core/Src/stm32f1xx_hal_msp.c.obj
                              0x8195b (size before relaxing)
 .debug_str     0x00084e7c      0x332 CMakeFiles/stm32f1.dir/Core/Src/stm32f1xx_hal_timebase_tim.c.obj
                              0x821b8 (size before relaxing)
 .debug_str     0x000851ae      0xe72 CMakeFiles/stm32f1.dir/Drivers/STM32F1xx_HAL_Driver/Src/stm32f1xx_hal_tim.c.obj
                              0x82d2e (size before relaxing)
 .debug_str     0x00086020      0x557 CMakeFiles/stm32f1.dir/Drivers/STM32F1xx_HAL_Driver/Src/stm32f1xx_hal_tim_ex.c.obj
                              0x824cf (size before relaxing)
 .debug_str     0x00086577      0x353 CMakeFiles/stm32f1.dir/Drivers/STM32F1xx_HAL_Driver/Src/stm32f1xx_hal.c.obj
                              0x8206a (size before relaxing)
 .debug_str     0x000868ca      0x280 CMakeFiles/stm32f1.dir/Drivers/STM32F1xx_HAL_Driver/Src/stm32f1xx_hal_rcc.c.obj
                              0x81d8e (size before relaxing)
 .debug_str     0x00086b4a      0x33e CMakeFiles/stm32f1.dir/Drivers/STM32F1xx_HAL_Driver/Src/stm32f1xx_hal_gpio.c.obj
                              0x81d0c (size before relaxing)
 .debug_str     0x00086e88      0x2c6 CMakeFiles/stm32f1.dir/Drivers/STM32F1xx_HAL_Driver/Src/stm32f1xx_hal_cortex.c.obj
                              0x82005 (size before relaxing)
 .debug_str     0x0008714e       0x71 CMakeFiles/stm32f1.dir/Core/Src/system_stm32f1xx.c.obj
                              0x81986 (size before relaxing)
 .debug_str     0x000871bf       0x46 CMakeFiles/stm32f1.dir/startup_stm32f103xb.s.obj
                                 0x7a (size before relaxing)

.comment        0x00000000       0x49
 .comment       0x00000000       0x49 CMakeFiles/stm32f1.dir/Sparrow/scheduler/schedule.c.obj
                                 0x4a (size before relaxing)
 .comment       0x00000049       0x4a CMakeFiles/stm32f1.dir/Sparrow/memory/heap.c.obj
 .comment       0x00000049       0x4a CMakeFiles/stm32f1.dir/Sparrow/IPC/mequeue.c.obj
 .comment       0x00000049       0x4a CMakeFiles/stm32f1.dir/Core/Src/main.c.obj
 .comment       0x00000049       0x4a CMakeFiles/stm32f1.dir/Core/Src/stm32f1xx_it.c.obj
 .comment       0x00000049       0x4a CMakeFiles/stm32f1.dir/Core/Src/stm32f1xx_hal_msp.c.obj
 .comment       0x00000049       0x4a CMakeFiles/stm32f1.dir/Core/Src/stm32f1xx_hal_timebase_tim.c.obj
 .comment       0x00000049       0x4a CMakeFiles/stm32f1.dir/Drivers/STM32F1xx_HAL_Driver/Src/stm32f1xx_hal_tim.c.obj
 .comment       0x00000049       0x4a CMakeFiles/stm32f1.dir/Drivers/STM32F1xx_HAL_Driver/Src/stm32f1xx_hal_tim_ex.c.obj
 .comment       0x00000049       0x4a CMakeFiles/stm32f1.dir/Drivers/STM32F1xx_HAL_Driver/Src/stm32f1xx_hal.c.obj
 .comment       0x00000049       0x4a CMakeFiles/stm32f1.dir/Drivers/STM32F1xx_HAL_Driver/Src/stm32f1xx_hal_rcc.c.obj
 .comment       0x00000049       0x4a CMakeFiles/stm32f1.dir/Drivers/STM32F1xx_HAL_Driver/Src/stm32f1xx_hal_gpio.c.obj
 .comment       0x00000049       0x4a CMakeFiles/stm32f1.dir/Drivers/STM32F1xx_HAL_Driver/Src/stm32f1xx_hal_cortex.c.obj
 .comment       0x00000049       0x4a CMakeFiles/stm32f1.dir/Core/Src/system_stm32f1xx.c.obj
