Archive member included to satisfy reference by file (symbol)

d:/all/devemcu/gcc_arm/gccarm/bin/../lib/gcc/arm-none-eabi/10.3.1/../../../../arm-none-eabi/lib/thumb/v7-m/nofp\libc_nano.a(lib_a-exit.o)
                              d:/all/devemcu/gcc_arm/gccarm/bin/../lib/gcc/arm-none-eabi/10.3.1/../../../../arm-none-eabi/lib/thumb/v7-m/nofp/crt0.o (exit)
d:/all/devemcu/gcc_arm/gccarm/bin/../lib/gcc/arm-none-eabi/10.3.1/../../../../arm-none-eabi/lib/thumb/v7-m/nofp\libc_nano.a(lib_a-impure.o)
                              d:/all/devemcu/gcc_arm/gccarm/bin/../lib/gcc/arm-none-eabi/10.3.1/../../../../arm-none-eabi/lib/thumb/v7-m/nofp\libc_nano.a(lib_a-exit.o) (_global_impure_ptr)
d:/all/devemcu/gcc_arm/gccarm/bin/../lib/gcc/arm-none-eabi/10.3.1/../../../../arm-none-eabi/lib/thumb/v7-m/nofp\libc_nano.a(lib_a-init.o)
                              d:/all/devemcu/gcc_arm/gccarm/bin/../lib/gcc/arm-none-eabi/10.3.1/../../../../arm-none-eabi/lib/thumb/v7-m/nofp/crt0.o (__libc_init_array)
d:/all/devemcu/gcc_arm/gccarm/bin/../lib/gcc/arm-none-eabi/10.3.1/../../../../arm-none-eabi/lib/thumb/v7-m/nofp\libc_nano.a(lib_a-memset.o)
                              d:/all/devemcu/gcc_arm/gccarm/bin/../lib/gcc/arm-none-eabi/10.3.1/../../../../arm-none-eabi/lib/thumb/v7-m/nofp/crt0.o (memset)
d:/all/devemcu/gcc_arm/gccarm/bin/../lib/gcc/arm-none-eabi/10.3.1/../../../../arm-none-eabi/lib/thumb/v7-m/nofp\libg_nano.a(lib_a-errno.o)
                              CMakeFiles/stm32f1.dir/Core/Src/sysmem.c.obj (__errno)
d:/all/devemcu/gcc_arm/gccarm/bin/../lib/gcc/arm-none-eabi/10.3.1/../../../../arm-none-eabi/lib/thumb/v7-m/nofp\libg_nano.a(lib_a-memcpy-stub.o)
                              CMakeFiles/stm32f1.dir/Sparrow/IPC/mequeue.c.obj (memcpy)

Discarded input sections

 .text          0x00000000        0x0 d:/all/devemcu/gcc_arm/gccarm/bin/../lib/gcc/arm-none-eabi/10.3.1/thumb/v7-m/nofp/crti.o
 .data          0x00000000        0x0 d:/all/devemcu/gcc_arm/gccarm/bin/../lib/gcc/arm-none-eabi/10.3.1/thumb/v7-m/nofp/crti.o
 .bss           0x00000000        0x0 d:/all/devemcu/gcc_arm/gccarm/bin/../lib/gcc/arm-none-eabi/10.3.1/thumb/v7-m/nofp/crti.o
 .data          0x00000000        0x4 d:/all/devemcu/gcc_arm/gccarm/bin/../lib/gcc/arm-none-eabi/10.3.1/thumb/v7-m/nofp/crtbegin.o
 .rodata        0x00000000       0x24 d:/all/devemcu/gcc_arm/gccarm/bin/../lib/gcc/arm-none-eabi/10.3.1/thumb/v7-m/nofp/crtbegin.o
 .text          0x00000000       0x7c d:/all/devemcu/gcc_arm/gccarm/bin/../lib/gcc/arm-none-eabi/10.3.1/../../../../arm-none-eabi/lib/thumb/v7-m/nofp/crt0.o
 .data          0x00000000        0x0 d:/all/devemcu/gcc_arm/gccarm/bin/../lib/gcc/arm-none-eabi/10.3.1/../../../../arm-none-eabi/lib/thumb/v7-m/nofp/crt0.o
 .bss           0x00000000        0x0 d:/all/devemcu/gcc_arm/gccarm/bin/../lib/gcc/arm-none-eabi/10.3.1/../../../../arm-none-eabi/lib/thumb/v7-m/nofp/crt0.o
 .ARM.extab     0x00000000        0x0 d:/all/devemcu/gcc_arm/gccarm/bin/../lib/gcc/arm-none-eabi/10.3.1/../../../../arm-none-eabi/lib/thumb/v7-m/nofp/crt0.o
 .ARM.exidx     0x00000000       0x10 d:/all/devemcu/gcc_arm/gccarm/bin/../lib/gcc/arm-none-eabi/10.3.1/../../../../arm-none-eabi/lib/thumb/v7-m/nofp/crt0.o
 .ARM.attributes
                0x00000000       0x1b d:/all/devemcu/gcc_arm/gccarm/bin/../lib/gcc/arm-none-eabi/10.3.1/../../../../arm-none-eabi/lib/thumb/v7-m/nofp/crt0.o
 .text          0x00000000        0x0 d:/all/devemcu/gcc_arm/gccarm/bin/../lib/gcc/arm-none-eabi/10.3.1/../../../../arm-none-eabi/lib/thumb/v7-m/nofp\libc_nano.a(lib_a-exit.o)
 .data          0x00000000        0x0 d:/all/devemcu/gcc_arm/gccarm/bin/../lib/gcc/arm-none-eabi/10.3.1/../../../../arm-none-eabi/lib/thumb/v7-m/nofp\libc_nano.a(lib_a-exit.o)
 .bss           0x00000000        0x0 d:/all/devemcu/gcc_arm/gccarm/bin/../lib/gcc/arm-none-eabi/10.3.1/../../../../arm-none-eabi/lib/thumb/v7-m/nofp\libc_nano.a(lib_a-exit.o)
 .text.exit     0x00000000       0x28 d:/all/devemcu/gcc_arm/gccarm/bin/../lib/gcc/arm-none-eabi/10.3.1/../../../../arm-none-eabi/lib/thumb/v7-m/nofp\libc_nano.a(lib_a-exit.o)
 .debug_frame   0x00000000       0x28 d:/all/devemcu/gcc_arm/gccarm/bin/../lib/gcc/arm-none-eabi/10.3.1/../../../../arm-none-eabi/lib/thumb/v7-m/nofp\libc_nano.a(lib_a-exit.o)
 .ARM.attributes
                0x00000000       0x2d d:/all/devemcu/gcc_arm/gccarm/bin/../lib/gcc/arm-none-eabi/10.3.1/../../../../arm-none-eabi/lib/thumb/v7-m/nofp\libc_nano.a(lib_a-exit.o)
 .text          0x00000000        0x0 d:/all/devemcu/gcc_arm/gccarm/bin/../lib/gcc/arm-none-eabi/10.3.1/../../../../arm-none-eabi/lib/thumb/v7-m/nofp\libc_nano.a(lib_a-impure.o)
 .data          0x00000000        0x0 d:/all/devemcu/gcc_arm/gccarm/bin/../lib/gcc/arm-none-eabi/10.3.1/../../../../arm-none-eabi/lib/thumb/v7-m/nofp\libc_nano.a(lib_a-impure.o)
 .bss           0x00000000        0x0 d:/all/devemcu/gcc_arm/gccarm/bin/../lib/gcc/arm-none-eabi/10.3.1/../../../../arm-none-eabi/lib/thumb/v7-m/nofp\libc_nano.a(lib_a-impure.o)
[...]
Memory Configuration

Name             Origin             Length             Attributes
RAM              0x20000000         0x00005000         xrw
FLASH            0x08000000         0x00010000         xr
*default*        0x00000000         0xffffffff

Linker script and memory map

LOAD d:/all/devemcu/gcc_arm/gccarm/bin/../lib/gcc/arm-none-eabi/10.3.1/thumb/v7-m/nofp/crti.o
LOAD d:/all/devemcu/gcc_arm/gccarm/bin/../lib/gcc/arm-none-eabi/10.3.1/thumb/v7-m/nofp/crtbegin.o
LOAD d:/all/devemcu/gcc_arm/gccarm/bin/../lib/gcc/arm-none-eabi/10.3.1/../../../../arm-none-eabi/lib/thumb/v7-m/nofp/crt0.o
START GROUP
LOAD d:/all/devemcu/gcc_arm/gccarm/bin/../lib/gcc/arm-none-eabi/10.3.1/../../../../arm-none-eabi/lib/thumb/v7-m/nofp\libc_nano.a
LOAD d:/all/devemcu/gcc_arm/gccarm/bin/../lib/gcc/arm-none-eabi/10.3.1/../../../../arm-none-eabi/lib/thumb/v7-m/nofp\libm.a
END GROUP
LOAD CMakeFiles/stm32f1.dir/Sparrow/scheduler/schedule.c.obj
LOAD CMakeFiles/stm32f1.dir/Sparrow/IPC/sem.c.obj
LOAD CMakeFiles/stm32f1.dir/Sparrow/memory/heap.c.obj
LOAD CMakeFiles/stm32f1.dir/Sparrow/IPC/mequeue.c.obj
LOAD CMakeFiles/stm32f1.dir/Sparrow/IPC/mutex.c.obj
LOAD CMakeFiles/stm32f1.dir/Core/Src/main.c.obj
LOAD CMakeFiles/stm32f1.dir/Core/Src/stm32f1xx_it.c.obj
LOAD CMakeFiles/stm32f1.dir/Core/Src/stm32f1xx_hal_msp.c.obj
LOAD CMakeFiles/stm32f1.dir/Core/Src/stm32f1xx_hal_timebase_tim.c.obj
LOAD CMakeFiles/stm32f1.dir/Drivers/STM32F1xx_HAL_Driver/Src/stm32f1xx_hal_gpio_ex.c.obj
LOAD CMakeFiles/stm32f1.dir/Drivers/STM32F1xx_HAL_Driver/Src/stm32f1xx_hal_tim.c.obj
LOAD CMakeFiles/stm32f1.dir/Drivers/STM32F1xx_HAL_Driver/Src/stm32f1xx_hal_tim_ex.c.obj
LOAD CMakeFiles/stm32f1.dir/Drivers/STM32F1xx_HAL_Driver/Src/stm32f1xx_hal.c.obj
LOAD CMakeFiles/stm32f1.dir/Drivers/STM32F1xx_HAL_Driver/Src/stm32f1xx_hal_rcc.c.obj
LOAD CMakeFiles/stm32f1.dir/Drivers/STM32F1xx_HAL_Driver/Src/stm32f1xx_hal_rcc_ex.c.obj
LOAD CMakeFiles/stm32f1.dir/Drivers/STM32F1xx_HAL_Driver/Src/stm32f1xx_hal_gpio.c.obj
LOAD CMakeFiles/stm32f1.dir/Drivers/STM32F1xx_HAL_Driver/Src/stm32f1xx_hal_dma.c.obj
LOAD CMakeFiles/stm32f1.dir/Drivers/STM32F1xx_HAL_Driver/Src/stm32f1xx_hal_cortex.c.obj
LOAD CMakeFiles/stm32f1.dir/Drivers/STM32F1xx_HAL_Driver/Src/stm32f1xx_hal_pwr.c.obj
LOAD CMakeFiles/stm32f1.dir/Drivers/STM32F1xx_HAL_Driver/Src/stm32f1xx_hal_flash.c.obj
LOAD CMakeFiles/stm32f1.dir/Drivers/STM32F1xx_HAL_Driver/Src/stm32f1xx_hal_flash_ex.c.obj
LOAD CMakeFiles/stm32f1.dir/Drivers/STM32F1xx_HAL_Driver/Src/stm32f1xx_hal_exti.c.obj
LOAD CMakeFiles/stm32f1.dir/Core/Src/system_stm32f1xx.c.obj
LOAD CMakeFiles/stm32f1.dir/Core/Src/sysmem.c.obj
LOAD CMakeFiles/stm32f1.dir/Core/Src/syscalls.c.obj
LOAD CMakeFiles/stm32f1.dir/startup_stm32f103xb.s.obj
START GROUP
LOAD d:/all/devemcu/gcc_arm/gccarm/bin/../lib/gcc/arm-none-eabi/10.3.1/thumb/v7-m/nofp\libgcc.a
LOAD d:/all/devemcu/gcc_arm/gccarm/bin/../lib/gcc/arm-none-eabi/10.3.1/../../../../arm-none-eabi/lib/thumb/v7-m/nofp\libg_nano.a
LOAD d:/all/devemcu/gcc_arm/gccarm/bin/../lib/gcc/arm-none-eabi/10.3.1/../../../../arm-none-eabi/lib/thumb/v7-m/nofp\libc_nano.a
END GROUP
START GROUP
LOAD d:/all/devemcu/gcc_arm/gccarm/bin/../lib/gcc/arm-none-eabi/10.3.1/thumb/v7-m/nofp\libgcc.a
LOAD d:/all/devemcu/gcc_arm/gccarm/bin/../lib/gcc/arm-none-eabi/10.3.1/../../../../arm-none-eabi/lib/thumb/v7-m/nofp\libc_nano.a
END GROUP
LOAD d:/all/devemcu/gcc_arm/gccarm/bin/../lib/gcc/arm-none-eabi/10.3.1/thumb/v7-m/nofp/crtend.o
LOAD d:/all/devemcu/gcc_arm/gccarm/bin/../lib/gcc/arm-none-eabi/10.3.1/thumb/v7-m/nofp/crtn.o
                0x20005000                _estack = (ORIGIN (RAM) + LENGTH (RAM))
                0x00000400                _Min_Heap_Size = 0x400
                0x00000600                _Min_Stack_Size = 0x600

.isr_vector     0x08000000      0x10c
                0x08000000                . = ALIGN (0x4)
 *(.isr_vector)
 .isr_vector    0x08000000      0x10c CMakeFiles/stm32f1.dir/startup_stm32f103xb.s.obj
                0x08000000                g_pfnVectors
                0x0800010c                . = ALIGN (0x4)

.text           0x08000110     0x21d8
                0x08000110                . = ALIGN (0x4)
 *(.text)
 .text          0x08000110       0x40 d:/all/devemcu/gcc_arm/gccarm/bin/../lib/gcc/arm-none-eabi/10.3.1/thumb/v7-m/nofp/crtbegin.o
 *(.text*)
 .text.__libc_init_array
                0x08000150       0x48 d:/all/devemcu/gcc_arm/gccarm/bin/../lib/gcc/arm-none-eabi/10.3.1/../../../../arm-none-eabi/lib/thumb/v7-m/nofp\libc_nano.a(lib_a-init.o)
                0x08000150                __libc_init_array
 .text.memset   0x08000198       0x10 d:/all/devemcu/gcc_arm/gccarm/bin/../lib/gcc/arm-none-eabi/10.3.1/../../../../arm-none-eabi/lib/thumb/v7-m/nofp\libc_nano.a(lib_a-memset.o)
                0x08000198                memset
 .text.GetCurrentTCB
                0x080001a8       0x14 CMakeFiles/stm32f1.dir/Sparrow/scheduler/schedule.c.obj
                0x080001a8                GetCurrentTCB
 .text.schedule
                0x080001bc       0x18 CMakeFiles/stm32f1.dir/Sparrow/scheduler/schedule.c.obj
                0x080001bc                schedule
 .text.TcbTaskTableInit
                0x080001d4       0x34 CMakeFiles/stm32f1.dir/Sparrow/scheduler/schedule.c.obj
                0x080001d4                TcbTaskTableInit
 *fill*         0x08000208        0x8 
 .text.SVC_Handler
                0x08000210       0x28 CMakeFiles/stm32f1.dir/Sparrow/scheduler/schedule.c.obj
                0x08000210                SVC_Handler
 *fill*         0x08000238        0x8 
 .text.PendSV_Handler
                0x08000240       0x58 CMakeFiles/stm32f1.dir/Sparrow/scheduler/schedule.c.obj
                0x08000240                PendSV_Handler
 .text.xEnterCritical
                0x08000298       0x2e CMakeFiles/stm32f1.dir/Sparrow/scheduler/schedule.c.obj
                0x08000298                xEnterCritical
 .text.xExitCritical
                0x080002c6       0x24 CMakeFiles/stm32f1.dir/Sparrow/scheduler/schedule.c.obj
                0x080002c6                xExitCritical
 .text.FindHighestPriority
                0x080002ea       0x26 CMakeFiles/stm32f1.dir/Sparrow/scheduler/schedule.c.obj
                0x080002ea                FindHighestPriority
 .text.vTaskSwitchContext
                0x08000310       0x54 CMakeFiles/stm32f1.dir/Sparrow/scheduler/schedule.c.obj
                0x08000310                vTaskSwitchContext
 .text.TaskDelay
                0x08000364       0x9c CMakeFiles/stm32f1.dir/Sparrow/scheduler/schedule.c.obj
                0x08000364                TaskDelay
 .text.TaskPrioritySet
                0x08000400       0x2c CMakeFiles/stm32f1.dir/Sparrow/scheduler/schedule.c.obj
                0x08000400                TaskPrioritySet
 .text.CheckTicks
                0x0800042c       0xd4 CMakeFiles/stm32f1.dir/Sparrow/scheduler/schedule.c.obj
                0x0800042c                CheckTicks
 .text.SysTick_Handler
                0x08000500       0x64 CMakeFiles/stm32f1.dir/Sparrow/scheduler/schedule.c.obj
                0x08000500                SysTick_Handler
 .text.pxPortInitialiseStack
                0x08000564       0x4a CMakeFiles/stm32f1.dir/Sparrow/scheduler/schedule.c.obj
                0x08000564                pxPortInitialiseStack
 *fill*         0x080005ae        0x2 
 .text.xTaskCreate
                0x080005b0       0x9c CMakeFiles/stm32f1.dir/Sparrow/scheduler/schedule.c.obj
                0x080005b0                xTaskCreate
 .text.EnterSleepMode
                0x0800064c       0x28 CMakeFiles/stm32f1.dir/Sparrow/scheduler/schedule.c.obj
                0x0800064c                EnterSleepMode
 .text.leisureTask
                0x08000674        0xa CMakeFiles/stm32f1.dir/Sparrow/scheduler/schedule.c.obj
                0x08000674                leisureTask
 *fill*         0x0800067e        0x2 
 .text.SchedulerInit
                0x08000680       0x44 CMakeFiles/stm32f1.dir/Sparrow/scheduler/schedule.c.obj
                0x08000680                SchedulerInit
 .text.SchedulerStart
                0x080006c4       0x80 CMakeFiles/stm32f1.dir/Sparrow/scheduler/schedule.c.obj
                0x080006c4                SchedulerStart
 .text.GetTaskHandle
                0x08000744       0x20 CMakeFiles/stm32f1.dir/Sparrow/scheduler/schedule.c.obj
                0x08000744                GetTaskHandle
 .text.GetTaskPriority
                0x08000764       0x16 CMakeFiles/stm32f1.dir/Sparrow/scheduler/schedule.c.obj
                0x08000764                GetTaskPriority
 *fill*         0x0800077a        0x2 
 .text.StateAdd
                0x0800077c       0x78 CMakeFiles/stm32f1.dir/Sparrow/scheduler/schedule.c.obj
                0x0800077c                StateAdd
 .text.StateRemove
                0x080007f4       0x7c CMakeFiles/stm32f1.dir/Sparrow/scheduler/schedule.c.obj
                0x080007f4                StateRemove
 .text.CheckState
                0x08000870       0x7c CMakeFiles/stm32f1.dir/Sparrow/scheduler/schedule.c.obj
                0x08000870                CheckState
 .text.heap_init
                0x080008ec       0xa4 CMakeFiles/stm32f1.dir/Sparrow/memory/heap.c.obj
                0x080008ec                heap_init
 .text.heap_malloc
                0x08000990       0xc8 CMakeFiles/stm32f1.dir/Sparrow/memory/heap.c.obj
                0x08000990                heap_malloc
 .text.mutex_creat
                0x08000a58       0x30 CMakeFiles/stm32f1.dir/Sparrow/IPC/mutex.c.obj
                0x08000a58                mutex_creat
 .text.mutex_lock
                0x08000a88      0x134 CMakeFiles/stm32f1.dir/Sparrow/IPC/mutex.c.obj
                0x08000a88                mutex_lock
 .text.mutex_unlock
                0x08000bbc       0xc4 CMakeFiles/stm32f1.dir/Sparrow/IPC/mutex.c.obj
                0x08000bbc                mutex_unlock
 .text.taskA    0x08000c80       0x30 CMakeFiles/stm32f1.dir/Core/Src/main.c.obj
                0x08000c80                taskA
 .text.taskB    0x08000cb0        0xa CMakeFiles/stm32f1.dir/Core/Src/main.c.obj
                0x08000cb0                taskB
 *fill*         0x08000cba        0x2 
 .text.taskC    0x08000cbc       0x34 CMakeFiles/stm32f1.dir/Core/Src/main.c.obj
                0x08000cbc                taskC
 .text.APP      0x08000cf0       0x64 CMakeFiles/stm32f1.dir/Core/Src/main.c.obj
                0x08000cf0                APP
 .text.main     0x08000d54       0x1e CMakeFiles/stm32f1.dir/Core/Src/main.c.obj
                0x08000d54                main
 .text.SystemClock_Config
                0x08000d72       0x8a CMakeFiles/stm32f1.dir/Core/Src/main.c.obj
                0x08000d72                SystemClock_Config
 .text.MX_GPIO_Init
                0x08000dfc       0x98 CMakeFiles/stm32f1.dir/Core/Src/main.c.obj
 .text.HAL_TIM_PeriodElapsedCallback
                0x08000e94       0x24 CMakeFiles/stm32f1.dir/Core/Src/main.c.obj
                0x08000e94                HAL_TIM_PeriodElapsedCallback
 .text.Error_Handler
                0x08000eb8        0xa CMakeFiles/stm32f1.dir/Core/Src/main.c.obj
                0x08000eb8                Error_Handler
 .text.NMI_Handler
                0x08000ec2        0x6 CMakeFiles/stm32f1.dir/Core/Src/stm32f1xx_it.c.obj
                0x08000ec2                NMI_Handler
 .text.HardFault_Handler
                0x08000ec8        0x6 CMakeFiles/stm32f1.dir/Core/Src/stm32f1xx_it.c.obj
                0x08000ec8                HardFault_Handler
 .text.MemManage_Handler
                0x08000ece        0x6 CMakeFiles/stm32f1.dir/Core/Src/stm32f1xx_it.c.obj
                0x08000ece                MemManage_Handler
 .text.BusFault_Handler
                0x08000ed4        0x6 CMakeFiles/stm32f1.dir/Core/Src/stm32f1xx_it.c.obj
                0x08000ed4                BusFault_Handler
 .text.UsageFault_Handler
                0x08000eda        0x6 CMakeFiles/stm32f1.dir/Core/Src/stm32f1xx_it.c.obj
                0x08000eda                UsageFault_Handler
 .text.DebugMon_Handler
                0x08000ee0        0xc CMakeFiles/stm32f1.dir/Core/Src/stm32f1xx_it.c.obj
                0x08000ee0                DebugMon_Handler
 .text.TIM1_UP_IRQHandler
                0x08000eec       0x14 CMakeFiles/stm32f1.dir/Core/Src/stm32f1xx_it.c.obj
                0x08000eec                TIM1_UP_IRQHandler
 .text.HAL_MspInit
                0x08000f00       0x64 CMakeFiles/stm32f1.dir/Core/Src/stm32f1xx_hal_msp.c.obj
                0x08000f00                HAL_MspInit
 .text.HAL_InitTick
                0x08000f64       0xe4 CMakeFiles/stm32f1.dir/Core/Src/stm32f1xx_hal_timebase_tim.c.obj
                0x08000f64                HAL_InitTick
 .text.HAL_TIM_Base_Init
                0x08001048       0x9e CMakeFiles/stm32f1.dir/Drivers/STM32F1xx_HAL_Driver/Src/stm32f1xx_hal_tim.c.obj
                0x08001048                HAL_TIM_Base_Init
 .text.HAL_TIM_Base_MspInit
                0x080010e6       0x12 CMakeFiles/stm32f1.dir/Drivers/STM32F1xx_HAL_Driver/Src/stm32f1xx_hal_tim.c.obj
                0x080010e6                HAL_TIM_Base_MspInit
 .text.HAL_TIM_Base_Start_IT
                0x080010f8       0xa4 CMakeFiles/stm32f1.dir/Drivers/STM32F1xx_HAL_Driver/Src/stm32f1xx_hal_tim.c.obj
                0x080010f8                HAL_TIM_Base_Start_IT
 .text.HAL_TIM_IRQHandler
                0x0800119c      0x1e0 CMakeFiles/stm32f1.dir/Drivers/STM32F1xx_HAL_Driver/Src/stm32f1xx_hal_tim.c.obj
                0x0800119c                HAL_TIM_IRQHandler
 .text.HAL_TIM_OC_DelayElapsedCallback
                0x0800137c       0x12 CMakeFiles/stm32f1.dir/Drivers/STM32F1xx_HAL_Driver/Src/stm32f1xx_hal_tim.c.obj
                0x0800137c                HAL_TIM_OC_DelayElapsedCallback
 .text.HAL_TIM_IC_CaptureCallback
                0x0800138e       0x12 CMakeFiles/stm32f1.dir/Drivers/STM32F1xx_HAL_Driver/Src/stm32f1xx_hal_tim.c.obj
                0x0800138e                HAL_TIM_IC_CaptureCallback
 .text.HAL_TIM_PWM_PulseFinishedCallback
                0x080013a0       0x12 CMakeFiles/stm32f1.dir/Drivers/STM32F1xx_HAL_Driver/Src/stm32f1xx_hal_tim.c.obj
                0x080013a0                HAL_TIM_PWM_PulseFinishedCallback
 .text.HAL_TIM_TriggerCallback
                0x080013b2       0x12 CMakeFiles/stm32f1.dir/Drivers/STM32F1xx_HAL_Driver/Src/stm32f1xx_hal_tim.c.obj
                0x080013b2                HAL_TIM_TriggerCallback
 .text.TIM_Base_SetConfig
                0x080013c4       0xdc CMakeFiles/stm32f1.dir/Drivers/STM32F1xx_HAL_Driver/Src/stm32f1xx_hal_tim.c.obj
                0x080013c4                TIM_Base_SetConfig
 .text.HAL_TIMEx_CommutCallback
                0x080014a0       0x12 CMakeFiles/stm32f1.dir/Drivers/STM32F1xx_HAL_Driver/Src/stm32f1xx_hal_tim_ex.c.obj
                0x080014a0                HAL_TIMEx_CommutCallback
 .text.HAL_TIMEx_BreakCallback
                0x080014b2       0x12 CMakeFiles/stm32f1.dir/Drivers/STM32F1xx_HAL_Driver/Src/stm32f1xx_hal_tim_ex.c.obj
                0x080014b2                HAL_TIMEx_BreakCallback
 .text.HAL_Init
                0x080014c4       0x2c CMakeFiles/stm32f1.dir/Drivers/STM32F1xx_HAL_Driver/Src/stm32f1xx_hal.c.obj
                0x080014c4                HAL_Init
 .text.HAL_IncTick
                0x080014f0       0x24 CMakeFiles/stm32f1.dir/Drivers/STM32F1xx_HAL_Driver/Src/stm32f1xx_hal.c.obj
                0x080014f0                HAL_IncTick
 .text.HAL_GetTick
                0x08001514       0x14 CMakeFiles/stm32f1.dir/Drivers/STM32F1xx_HAL_Driver/Src/stm32f1xx_hal.c.obj
                0x08001514                HAL_GetTick
 .text.HAL_RCC_OscConfig
                0x08001528      0x504 CMakeFiles/stm32f1.dir/Drivers/STM32F1xx_HAL_Driver/Src/stm32f1xx_hal_rcc.c.obj
                0x08001528                HAL_RCC_OscConfig
 .text.HAL_RCC_ClockConfig
                0x08001a2c      0x1d4 CMakeFiles/stm32f1.dir/Drivers/STM32F1xx_HAL_Driver/Src/stm32f1xx_hal_rcc.c.obj
                0x08001a2c                HAL_RCC_ClockConfig
 .text.HAL_RCC_GetSysClockFreq
                0x08001c00       0xa8 CMakeFiles/stm32f1.dir/Drivers/STM32F1xx_HAL_Driver/Src/stm32f1xx_hal_rcc.c.obj
                0x08001c00                HAL_RCC_GetSysClockFreq
 .text.HAL_RCC_GetHCLKFreq
                0x08001ca8       0x14 CMakeFiles/stm32f1.dir/Drivers/STM32F1xx_HAL_Driver/Src/stm32f1xx_hal_rcc.c.obj
                0x08001ca8                HAL_RCC_GetHCLKFreq
 .text.HAL_RCC_GetPCLK2Freq
                0x08001cbc       0x28 CMakeFiles/stm32f1.dir/Drivers/STM32F1xx_HAL_Driver/Src/stm32f1xx_hal_rcc.c.obj
                0x08001cbc                HAL_RCC_GetPCLK2Freq
 .text.HAL_RCC_GetClockConfig
                0x08001ce4       0x60 CMakeFiles/stm32f1.dir/Drivers/STM32F1xx_HAL_Driver/Src/stm32f1xx_hal_rcc.c.obj
                0x08001ce4                HAL_RCC_GetClockConfig
 .text.RCC_Delay
                0x08001d44       0x3c CMakeFiles/stm32f1.dir/Drivers/STM32F1xx_HAL_Driver/Src/stm32f1xx_hal_rcc.c.obj
 .text.HAL_GPIO_Init
                0x08001d80      0x308 CMakeFiles/stm32f1.dir/Drivers/STM32F1xx_HAL_Driver/Src/stm32f1xx_hal_gpio.c.obj
                0x08001d80                HAL_GPIO_Init
 .text.HAL_GPIO_WritePin
                0x08002088       0x30 CMakeFiles/stm32f1.dir/Drivers/STM32F1xx_HAL_Driver/Src/stm32f1xx_hal_gpio.c.obj
                0x08002088                HAL_GPIO_WritePin
 .text.__NVIC_SetPriorityGrouping
                0x080020b8       0x48 CMakeFiles/stm32f1.dir/Drivers/STM32F1xx_HAL_Driver/Src/stm32f1xx_hal_cortex.c.obj
 .text.__NVIC_GetPriorityGrouping
                0x08002100       0x1c CMakeFiles/stm32f1.dir/Drivers/STM32F1xx_HAL_Driver/Src/stm32f1xx_hal_cortex.c.obj
 .text.__NVIC_EnableIRQ
                0x0800211c       0x38 CMakeFiles/stm32f1.dir/Drivers/STM32F1xx_HAL_Driver/Src/stm32f1xx_hal_cortex.c.obj
 .text.__NVIC_SetPriority
                0x08002154       0x54 CMakeFiles/stm32f1.dir/Drivers/STM32F1xx_HAL_Driver/Src/stm32f1xx_hal_cortex.c.obj
 .text.NVIC_EncodePriority
                0x080021a8       0x64 CMakeFiles/stm32f1.dir/Drivers/STM32F1xx_HAL_Driver/Src/stm32f1xx_hal_cortex.c.obj
 .text.HAL_NVIC_SetPriorityGrouping
                0x0800220c       0x16 CMakeFiles/stm32f1.dir/Drivers/STM32F1xx_HAL_Driver/Src/stm32f1xx_hal_cortex.c.obj
                0x0800220c                HAL_NVIC_SetPriorityGrouping
 .text.HAL_NVIC_SetPriority
                0x08002222       0x38 CMakeFiles/stm32f1.dir/Drivers/STM32F1xx_HAL_Driver/Src/stm32f1xx_hal_cortex.c.obj
                0x08002222                HAL_NVIC_SetPriority
 .text.HAL_NVIC_EnableIRQ
                0x0800225a       0x1c CMakeFiles/stm32f1.dir/Drivers/STM32F1xx_HAL_Driver/Src/stm32f1xx_hal_cortex.c.obj
                0x0800225a                HAL_NVIC_EnableIRQ
 .text.SystemInit
                0x08002276        0xc CMakeFiles/stm32f1.dir/Core/Src/system_stm32f1xx.c.obj
                0x08002276                SystemInit
 *fill*         0x08002282        0x2 
 .text.Reset_Handler
                0x08002284       0x48 CMakeFiles/stm32f1.dir/startup_stm32f103xb.s.obj
                0x08002284                Reset_Handler
 .text.Default_Handler
                0x080022cc        0x2 CMakeFiles/stm32f1.dir/startup_stm32f103xb.s.obj
                0x080022cc                RTC_Alarm_IRQHandler
                0x080022cc                EXTI2_IRQHandler
                0x080022cc                TIM1_CC_IRQHandler
                0x080022cc                PVD_IRQHandler
                0x080022cc                EXTI3_IRQHandler
                0x080022cc                EXTI0_IRQHandler
                0x080022cc                I2C2_EV_IRQHandler
                0x080022cc                ADC1_2_IRQHandler
                0x080022cc                SPI1_IRQHandler
                0x080022cc                TAMPER_IRQHandler
                0x080022cc                DMA1_Channel4_IRQHandler
                0x080022cc                USART3_IRQHandler
                0x080022cc                RTC_IRQHandler
                0x080022cc                DMA1_Channel7_IRQHandler
                0x080022cc                CAN1_RX1_IRQHandler
                0x080022cc                TIM4_IRQHandler
                0x080022cc                I2C1_EV_IRQHandler
                0x080022cc                DMA1_Channel6_IRQHandler
                0x080022cc                TIM3_IRQHandler
                0x080022cc                RCC_IRQHandler
                0x080022cc                TIM1_TRG_COM_IRQHandler
                0x080022cc                DMA1_Channel1_IRQHandler
                0x080022cc                Default_Handler
                0x080022cc                EXTI15_10_IRQHandler
                0x080022cc                EXTI9_5_IRQHandler
                0x080022cc                SPI2_IRQHandler
                0x080022cc                DMA1_Channel5_IRQHandler
                0x080022cc                EXTI4_IRQHandler
                0x080022cc                USB_LP_CAN1_RX0_IRQHandler
                0x080022cc                USB_HP_CAN1_TX_IRQHandler
                0x080022cc                DMA1_Channel3_IRQHandler
                0x080022cc                WWDG_IRQHandler
                0x080022cc                TIM2_IRQHandler
                0x080022cc                TIM1_BRK_IRQHandler
                0x080022cc                EXTI1_IRQHandler
                0x080022cc                USART2_IRQHandler
                0x080022cc                I2C2_ER_IRQHandler
                0x080022cc                DMA1_Channel2_IRQHandler
                0x080022cc                CAN1_SCE_IRQHandler
                0x080022cc                FLASH_IRQHandler
                0x080022cc                USART1_IRQHandler
                0x080022cc                I2C1_ER_IRQHandler
                0x080022cc                USBWakeUp_IRQHandler
 *(.glue_7)
 .glue_7        0x080022ce        0x0 linker stubs
 *(.glue_7t)
 .glue_7t       0x080022ce        0x0 linker stubs
 *(.eh_frame)
 *fill*         0x080022ce        0x2 
 .eh_frame      0x080022d0        0x0 d:/all/devemcu/gcc_arm/gccarm/bin/../lib/gcc/arm-none-eabi/10.3.1/thumb/v7-m/nofp/crtbegin.o
 *(.init)
 .init          0x080022d0        0x4 d:/all/devemcu/gcc_arm/gccarm/bin/../lib/gcc/arm-none-eabi/10.3.1/thumb/v7-m/nofp/crti.o
                0x080022d0                _init
 .init          0x080022d4        0x8 d:/all/devemcu/gcc_arm/gccarm/bin/../lib/gcc/arm-none-eabi/10.3.1/thumb/v7-m/nofp/crtn.o
 *(.fini)
 .fini          0x080022dc        0x4 d:/all/devemcu/gcc_arm/gccarm/bin/../lib/gcc/arm-none-eabi/10.3.1/thumb/v7-m/nofp/crti.o
                0x080022dc                _fini
 .fini          0x080022e0        0x8 d:/all/devemcu/gcc_arm/gccarm/bin/../lib/gcc/arm-none-eabi/10.3.1/thumb/v7-m/nofp/crtn.o
                0x080022e8                . = ALIGN (0x4)
                0x080022e8                _etext = .

.vfp11_veneer   0x080022e8        0x0
 .vfp11_veneer  0x080022e8        0x0 linker stubs

.v4_bx          0x080022e8        0x0
 .v4_bx         0x080022e8        0x0 linker stubs

.iplt           0x080022e8        0x0
 .iplt          0x080022e8        0x0 d:/all/devemcu/gcc_arm/gccarm/bin/../lib/gcc/arm-none-eabi/10.3.1/thumb/v7-m/nofp/crtbegin.o

.rodata         0x080022e8       0x2c
                0x080022e8                . = ALIGN (0x4)
 *(.rodata)
 *(.rodata*)
 .rodata.aPLLMULFactorTable.1
                0x080022e8       0x10 CMakeFiles/stm32f1.dir/Drivers/STM32F1xx_HAL_Driver/Src/stm32f1xx_hal_rcc.c.obj
 .rodata.aPredivFactorTable.0
                0x080022f8        0x2 CMakeFiles/stm32f1.dir/Drivers/STM32F1xx_HAL_Driver/Src/stm32f1xx_hal_rcc.c.obj
 *fill*         0x080022fa        0x2 
 .rodata.AHBPrescTable
                0x080022fc       0x10 CMakeFiles/stm32f1.dir/Core/Src/system_stm32f1xx.c.obj
                0x080022fc                AHBPrescTable
 .rodata.APBPrescTable
                0x0800230c        0x8 CMakeFiles/stm32f1.dir/Core/Src/system_stm32f1xx.c.obj
                0x0800230c                APBPrescTable
                0x08002314                . = ALIGN (0x4)

.rel.dyn        0x08002314        0x0
 .rel.iplt      0x08002314        0x0 d:/all/devemcu/gcc_arm/gccarm/bin/../lib/gcc/arm-none-eabi/10.3.1/thumb/v7-m/nofp/crtbegin.o

.ARM.extab
 *(.ARM.extab* .gnu.linkonce.armextab.*)

.ARM            0x08002314        0x0
                0x08002314                __exidx_start = .
 *(.ARM.exidx*)
                0x08002314                __exidx_end = .

.preinit_array  0x08002314        0x0
                0x08002314                PROVIDE (__preinit_array_start = .)
 *(.preinit_array*)
                0x08002314                PROVIDE (__preinit_array_end = .)

.init_array     0x08002314        0x4
                0x08002314                PROVIDE (__init_array_start = .)
 *(SORT_BY_NAME(.init_array.*))
 *(.init_array*)
 .init_array    0x08002314        0x4 d:/all/devemcu/gcc_arm/gccarm/bin/../lib/gcc/arm-none-eabi/10.3.1/thumb/v7-m/nofp/crtbegin.o
                0x08002318                PROVIDE (__init_array_end = .)

.fini_array     0x08002318        0x4
                [!provide]                PROVIDE (__fini_array_start = .)
 *(SORT_BY_NAME(.fini_array.*))
 *(.fini_array*)
 .fini_array    0x08002318        0x4 d:/all/devemcu/gcc_arm/gccarm/bin/../lib/gcc/arm-none-eabi/10.3.1/thumb/v7-m/nofp/crtbegin.o
                [!provide]                PROVIDE (__fini_array_end = .)
                0x0800231c                _sidata = LOADADDR (.data)

.data           0x20000000       0x1c load address 0x0800231c
                0x20000000                . = ALIGN (0x4)
                0x20000000                _sdata = .
 *(.data)
 *(.data*)
 .data.TheHeap  0x20000000       0x10 CMakeFiles/stm32f1.dir/Sparrow/memory/heap.c.obj
                0x20000000                TheHeap
 .data.uwTickPrio
                0x20000010        0x4 CMakeFiles/stm32f1.dir/Drivers/STM32F1xx_HAL_Driver/Src/stm32f1xx_hal.c.obj
                0x20000010                uwTickPrio
 .data.uwTickFreq
                0x20000014        0x1 CMakeFiles/stm32f1.dir/Drivers/STM32F1xx_HAL_Driver/Src/stm32f1xx_hal.c.obj
                0x20000014                uwTickFreq
 *fill*         0x20000015        0x3 
 .data.SystemCoreClock
                0x20000018        0x4 CMakeFiles/stm32f1.dir/Core/Src/system_stm32f1xx.c.obj
                0x20000018                SystemCoreClock
                0x2000001c                . = ALIGN (0x4)
                0x2000001c                _edata = .

.igot.plt       0x2000001c        0x0 load address 0x08002338
 .igot.plt      0x2000001c        0x0 d:/all/devemcu/gcc_arm/gccarm/bin/../lib/gcc/arm-none-eabi/10.3.1/thumb/v7-m/nofp/crtbegin.o
                0x2000001c                . = ALIGN (0x4)

.bss            0x2000001c     0x2224 load address 0x08002338
                0x2000001c                _sbss = .
                0x2000001c                __bss_start__ = _sbss
 *(.bss)
 .bss           0x2000001c       0x1c d:/all/devemcu/gcc_arm/gccarm/bin/../lib/gcc/arm-none-eabi/10.3.1/thumb/v7-m/nofp/crtbegin.o
 *(.bss*)
 .bss.schedule_currentTCB
                0x20000038        0x4 CMakeFiles/stm32f1.dir/Sparrow/scheduler/schedule.c.obj
                0x20000038                schedule_currentTCB
 .bss.TicksBase
                0x2000003c        0x4 CMakeFiles/stm32f1.dir/Sparrow/scheduler/schedule.c.obj
                0x2000003c                TicksBase
 .bss.TcbTaskTable
                0x20000040       0x80 CMakeFiles/stm32f1.dir/Sparrow/scheduler/schedule.c.obj
                0x20000040                TcbTaskTable
 .bss.TicksTable
                0x200000c0       0x80 CMakeFiles/stm32f1.dir/Sparrow/scheduler/schedule.c.obj
                0x200000c0                TicksTable
 .bss.TicksTableAssist
                0x20000140       0x80 CMakeFiles/stm32f1.dir/Sparrow/scheduler/schedule.c.obj
                0x20000140                TicksTableAssist
 .bss.WakeTicksTable
                0x200001c0        0x4 CMakeFiles/stm32f1.dir/Sparrow/scheduler/schedule.c.obj
                0x200001c0                WakeTicksTable
 .bss.OverWakeTicksTable
                0x200001c4        0x4 CMakeFiles/stm32f1.dir/Sparrow/scheduler/schedule.c.obj
                0x200001c4                OverWakeTicksTable
 .bss.StateTable
                0x200001c8       0x14 CMakeFiles/stm32f1.dir/Sparrow/scheduler/schedule.c.obj
                0x200001c8                StateTable
 .bss.schedule_PendSV
                0x200001dc        0x1 CMakeFiles/stm32f1.dir/Sparrow/scheduler/schedule.c.obj
                0x200001dc                schedule_PendSV
 *fill*         0x200001dd        0x3 
 .bss.leisureTcb
                0x200001e0        0x4 CMakeFiles/stm32f1.dir/Sparrow/scheduler/schedule.c.obj
                0x200001e0                leisureTcb
 .bss.AllHeap   0x200001e4     0x2000 CMakeFiles/stm32f1.dir/Sparrow/memory/heap.c.obj
 .bss.xMessage  0x200021e4        0x1 CMakeFiles/stm32f1.dir/Core/Src/main.c.obj
                0x200021e4                xMessage
 *fill*         0x200021e5        0x3 
 .bss.mutex     0x200021e8        0x4 CMakeFiles/stm32f1.dir/Core/Src/main.c.obj
                0x200021e8                mutex
 .bss.tcbTask1  0x200021ec        0x4 CMakeFiles/stm32f1.dir/Core/Src/main.c.obj
                0x200021ec                tcbTask1
 .bss.tcbTask2  0x200021f0        0x4 CMakeFiles/stm32f1.dir/Core/Src/main.c.obj
                0x200021f0                tcbTask2
 .bss.htim1     0x200021f4       0x48 CMakeFiles/stm32f1.dir/Core/Src/stm32f1xx_hal_timebase_tim.c.obj
                0x200021f4                htim1
 .bss.uwTick    0x2000223c        0x4 CMakeFiles/stm32f1.dir/Drivers/STM32F1xx_HAL_Driver/Src/stm32f1xx_hal.c.obj
                0x2000223c                uwTick
 *(COMMON)
                0x20002240                . = ALIGN (0x4)
                0x20002240                _ebss = .
                0x20002240                __bss_end__ = _ebss

._user_heap_stack
                0x20002240      0xa00 load address 0x08002338
                0x20002240                . = ALIGN (0x8)
                [!provide]                PROVIDE (end = .)
                0x20002240                PROVIDE (_end = .)
                0x20002640                . = (. + _Min_Heap_Size)
 *fill*         0x20002240      0x400 
                0x20002c40                . = (. + _Min_Stack_Size)
 *fill*         0x20002640      0x600 
                0x20002c40                . = ALIGN (0x8)

/DISCARD/
 libc.a(*)
 libm.a(*)
 libgcc.a(*)

.ARM.attributes
                0x00000000       0x29
 *(.ARM.attributes)
 .ARM.attributes
                0x00000000       0x1d d:/all/devemcu/gcc_arm/gccarm/bin/../lib/gcc/arm-none-eabi/10.3.1/thumb/v7-m/nofp/crti.o
 .ARM.attributes
                0x0000001d       0x2d d:/all/devemcu/gcc_arm/gccarm/bin/../lib/gcc/arm-none-eabi/10.3.1/thumb/v7-m/nofp/crtbegin.o
 .ARM.attributes
                0x0000004a       0x2d d:/all/devemcu/gcc_arm/gccarm/bin/../lib/gcc/arm-none-eabi/10.3.1/../../../../arm-none-eabi/lib/thumb/v7-m/nofp\libc_nano.a(lib_a-init.o)
 .ARM.attributes
                0x00000077       0x2d d:/all/devemcu/gcc_arm/gccarm/bin/../lib/gcc/arm-none-eabi/10.3.1/../../../../arm-none-eabi/lib/thumb/v7-m/nofp\libc_nano.a(lib_a-memset.o)
 .ARM.attributes
                0x000000a4       0x2d CMakeFiles/stm32f1.dir/Sparrow/scheduler/schedule.c.obj
 .ARM.attributes
                0x000000d1       0x2d CMakeFiles/stm32f1.dir/Sparrow/memory/heap.c.obj
 .ARM.attributes
                0x000000fe       0x2d CMakeFiles/stm32f1.dir/Sparrow/IPC/mutex.c.obj
 .ARM.attributes
                0x0000012b       0x2d CMakeFiles/stm32f1.dir/Core/Src/main.c.obj
 .ARM.attributes
                0x00000158       0x2d CMakeFiles/stm32f1.dir/Core/Src/stm32f1xx_it.c.obj
 .ARM.attributes
                0x00000185       0x2d CMakeFiles/stm32f1.dir/Core/Src/stm32f1xx_hal_msp.c.obj
 .ARM.attributes
                0x000001b2       0x2d CMakeFiles/stm32f1.dir/Core/Src/stm32f1xx_hal_timebase_tim.c.obj
 .ARM.attributes
                0x000001df       0x2d CMakeFiles/stm32f1.dir/Drivers/STM32F1xx_HAL_Driver/Src/stm32f1xx_hal_tim.c.obj
 .ARM.attributes
                0x0000020c       0x2d CMakeFiles/stm32f1.dir/Drivers/STM32F1xx_HAL_Driver/Src/stm32f1xx_hal_tim_ex.c.obj
 .ARM.attributes
                0x00000239       0x2d CMakeFiles/stm32f1.dir/Drivers/STM32F1xx_HAL_Driver/Src/stm32f1xx_hal.c.obj
 .ARM.attributes
                0x00000266       0x2d CMakeFiles/stm32f1.dir/Drivers/STM32F1xx_HAL_Driver/Src/stm32f1xx_hal_rcc.c.obj
 .ARM.attributes
                0x00000293       0x2d CMakeFiles/stm32f1.dir/Drivers/STM32F1xx_HAL_Driver/Src/stm32f1xx_hal_gpio.c.obj
 .ARM.attributes
                0x000002c0       0x2d CMakeFiles/stm32f1.dir/Drivers/STM32F1xx_HAL_Driver/Src/stm32f1xx_hal_cortex.c.obj
 .ARM.attributes
                0x000002ed       0x2d CMakeFiles/stm32f1.dir/Core/Src/system_stm32f1xx.c.obj
 .ARM.attributes
                0x0000031a       0x21 CMakeFiles/stm32f1.dir/startup_stm32f103xb.s.obj
 .ARM.attributes
                0x0000033b       0x1d d:/all/devemcu/gcc_arm/gccarm/bin/../lib/gcc/arm-none-eabi/10.3.1/thumb/v7-m/nofp/crtn.o
OUTPUT(stm32f1.elf elf32-littlearm)
LOAD linker stubs
LOAD d:/all/devemcu/gcc_arm/gccarm/bin/../lib/gcc/arm-none-eabi/10.3.1/../../../../arm-none-eabi/lib/thumb/v7-m/nofp\libc.a
LOAD d:/all/devemcu/gcc_arm/gccarm/bin/../lib/gcc/arm-none-eabi/10.3.1/../../../../arm-none-eabi/lib/thumb/v7-m/nofp\libm.a
LOAD d:/all/devemcu/gcc_arm/gccarm/bin/../lib/gcc/arm-none-eabi/10.3.1/thumb/v7-m/nofp\libgcc.a

.debug_frame    0x00000000     0x2acc
 .debug_frame   0x00000000       0x2c d:/all/devemcu/gcc_arm/gccarm/bin/../lib/gcc/arm-none-eabi/10.3.1/../../../../arm-none-eabi/lib/thumb/v7-m/nofp\libc_nano.a(lib_a-init.o)
 .debug_frame   0x0000002c       0x20 d:/all/devemcu/gcc_arm/gccarm/bin/../lib/gcc/arm-none-eabi/10.3.1/../../../../arm-none-eabi/lib/thumb/v7-m/nofp\libc_nano.a(lib_a-memset.o)
 .debug_frame   0x0000004c      0x398 CMakeFiles/stm32f1.dir/Sparrow/scheduler/schedule.c.obj
 .debug_frame   0x000003e4       0xa8 CMakeFiles/stm32f1.dir/Sparrow/memory/heap.c.obj
 .debug_frame   0x0000048c       0xa0 CMakeFiles/stm32f1.dir/Sparrow/IPC/mutex.c.obj
 .debug_frame   0x0000052c      0x128 CMakeFiles/stm32f1.dir/Core/Src/main.c.obj
 .debug_frame   0x00000654       0xc4 CMakeFiles/stm32f1.dir/Core/Src/stm32f1xx_it.c.obj
 .debug_frame   0x00000718       0x38 CMakeFiles/stm32f1.dir/Core/Src/stm32f1xx_hal_msp.c.obj
 .debug_frame   0x00000750       0x74 CMakeFiles/stm32f1.dir/Core/Src/stm32f1xx_hal_timebase_tim.c.obj
 .debug_frame   0x000007c4     0x11b8 CMakeFiles/stm32f1.dir/Drivers/STM32F1xx_HAL_Driver/Src/stm32f1xx_hal_tim.c.obj
 .debug_frame   0x0000197c      0x638 CMakeFiles/stm32f1.dir/Drivers/STM32F1xx_HAL_Driver/Src/stm32f1xx_hal_tim_ex.c.obj
 .debug_frame   0x00001fb4      0x334 CMakeFiles/stm32f1.dir/Drivers/STM32F1xx_HAL_Driver/Src/stm32f1xx_hal.c.obj
 .debug_frame   0x000022e8      0x218 CMakeFiles/stm32f1.dir/Drivers/STM32F1xx_HAL_Driver/Src/stm32f1xx_hal_rcc.c.obj
 .debug_frame   0x00002500      0x14c CMakeFiles/stm32f1.dir/Drivers/STM32F1xx_HAL_Driver/Src/stm32f1xx_hal_gpio.c.obj
 .debug_frame   0x0000264c      0x428 CMakeFiles/stm32f1.dir/Drivers/STM32F1xx_HAL_Driver/Src/stm32f1xx_hal_cortex.c.obj
 .debug_frame   0x00002a74       0x58 CMakeFiles/stm32f1.dir/Core/Src/system_stm32f1xx.c.obj

.debug_info     0x00000000     0x904e
 .debug_info    0x00000000      0xbbb CMakeFiles/stm32f1.dir/Sparrow/scheduler/schedule.c.obj
 .debug_info    0x00000bbb      0x2bf CMakeFiles/stm32f1.dir/Sparrow/memory/heap.c.obj
 .debug_info    0x00000e7a      0x292 CMakeFiles/stm32f1.dir/Sparrow/IPC/mutex.c.obj
 .debug_info    0x0000110c      0xae2 CMakeFiles/stm32f1.dir/Core/Src/main.c.obj
 .debug_info    0x00001bee      0x697 CMakeFiles/stm32f1.dir/Core/Src/stm32f1xx_it.c.obj
 .debug_info    0x00002285      0x210 CMakeFiles/stm32f1.dir/Core/Src/stm32f1xx_hal_msp.c.obj
 .debug_info    0x00002495      0x94d CMakeFiles/stm32f1.dir/Core/Src/stm32f1xx_hal_timebase_tim.c.obj
 .debug_info    0x00002de2     0x2b46 CMakeFiles/stm32f1.dir/Drivers/STM32F1xx_HAL_Driver/Src/stm32f1xx_hal_tim.c.obj
 .debug_info    0x00005928     0x1493 CMakeFiles/stm32f1.dir/Drivers/STM32F1xx_HAL_Driver/Src/stm32f1xx_hal_tim_ex.c.obj
 .debug_info    0x00006dbb      0x6e1 CMakeFiles/stm32f1.dir/Drivers/STM32F1xx_HAL_Driver/Src/stm32f1xx_hal.c.obj
 .debug_info    0x0000749c      0x81e CMakeFiles/stm32f1.dir/Drivers/STM32F1xx_HAL_Driver/Src/stm32f1xx_hal_rcc.c.obj
 .debug_info    0x00007cba      0x615 CMakeFiles/stm32f1.dir/Drivers/STM32F1xx_HAL_Driver/Src/stm32f1xx_hal_gpio.c.obj
 .debug_info    0x000082cf      0xb20 CMakeFiles/stm32f1.dir/Drivers/STM32F1xx_HAL_Driver/Src/stm32f1xx_hal_cortex.c.obj
 .debug_info    0x00008def      0x23d CMakeFiles/stm32f1.dir/Core/Src/system_stm32f1xx.c.obj
 .debug_info    0x0000902c       0x22 CMakeFiles/stm32f1.dir/startup_stm32f103xb.s.obj

.debug_abbrev   0x00000000     0x1a01
 .debug_abbrev  0x00000000      0x335 CMakeFiles/stm32f1.dir/Sparrow/scheduler/schedule.c.obj
 .debug_abbrev  0x00000335      0x12a CMakeFiles/stm32f1.dir/Sparrow/memory/heap.c.obj
 .debug_abbrev  0x0000045f      0x100 CMakeFiles/stm32f1.dir/Sparrow/IPC/mutex.c.obj
 .debug_abbrev  0x0000055f      0x238 CMakeFiles/stm32f1.dir/Core/Src/main.c.obj
 .debug_abbrev  0x00000797      0x15c CMakeFiles/stm32f1.dir/Core/Src/stm32f1xx_it.c.obj
 .debug_abbrev  0x000008f3       0xd4 CMakeFiles/stm32f1.dir/Core/Src/stm32f1xx_hal_msp.c.obj
 .debug_abbrev  0x000009c7      0x1a5 CMakeFiles/stm32f1.dir/Core/Src/stm32f1xx_hal_timebase_tim.c.obj
 .debug_abbrev  0x00000b6c      0x238 CMakeFiles/stm32f1.dir/Drivers/STM32F1xx_HAL_Driver/Src/stm32f1xx_hal_tim.c.obj
 .debug_abbrev  0x00000da4      0x240 CMakeFiles/stm32f1.dir/Drivers/STM32F1xx_HAL_Driver/Src/stm32f1xx_hal_tim_ex.c.obj
 .debug_abbrev  0x00000fe4      0x1c8 CMakeFiles/stm32f1.dir/Drivers/STM32F1xx_HAL_Driver/Src/stm32f1xx_hal.c.obj
 .debug_abbrev  0x000011ac      0x260 CMakeFiles/stm32f1.dir/Drivers/STM32F1xx_HAL_Driver/Src/stm32f1xx_hal_rcc.c.obj
 .debug_abbrev  0x0000140c      0x1bb CMakeFiles/stm32f1.dir/Drivers/STM32F1xx_HAL_Driver/Src/stm32f1xx_hal_gpio.c.obj
 .debug_abbrev  0x000015c7      0x2ed CMakeFiles/stm32f1.dir/Drivers/STM32F1xx_HAL_Driver/Src/stm32f1xx_hal_cortex.c.obj
 .debug_abbrev  0x000018b4      0x13b CMakeFiles/stm32f1.dir/Core/Src/system_stm32f1xx.c.obj
 .debug_abbrev  0x000019ef       0x12 CMakeFiles/stm32f1.dir/startup_stm32f103xb.s.obj

.debug_aranges  0x00000000      0xaa0
 .debug_aranges
                0x00000000       0xe0 CMakeFiles/stm32f1.dir/Sparrow/scheduler/schedule.c.obj
 .debug_aranges
                0x000000e0       0x38 CMakeFiles/stm32f1.dir/Sparrow/memory/heap.c.obj
 .debug_aranges
                0x00000118       0x38 CMakeFiles/stm32f1.dir/Sparrow/IPC/mutex.c.obj
 .debug_aranges
                0x00000150       0x60 CMakeFiles/stm32f1.dir/Core/Src/main.c.obj
 .debug_aranges
                0x000001b0       0x50 CMakeFiles/stm32f1.dir/Core/Src/stm32f1xx_it.c.obj
 .debug_aranges
                0x00000200       0x20 CMakeFiles/stm32f1.dir/Core/Src/stm32f1xx_hal_msp.c.obj
 .debug_aranges
                0x00000220       0x30 CMakeFiles/stm32f1.dir/Core/Src/stm32f1xx_hal_timebase_tim.c.obj
 .debug_aranges
                0x00000250      0x3d0 CMakeFiles/stm32f1.dir/Drivers/STM32F1xx_HAL_Driver/Src/stm32f1xx_hal_tim.c.obj
 .debug_aranges
                0x00000620      0x168 CMakeFiles/stm32f1.dir/Drivers/STM32F1xx_HAL_Driver/Src/stm32f1xx_hal_tim_ex.c.obj
 .debug_aranges
                0x00000788       0xe0 CMakeFiles/stm32f1.dir/Drivers/STM32F1xx_HAL_Driver/Src/stm32f1xx_hal.c.obj
 .debug_aranges
                0x00000868       0x90 CMakeFiles/stm32f1.dir/Drivers/STM32F1xx_HAL_Driver/Src/stm32f1xx_hal_rcc.c.obj
 .debug_aranges
                0x000008f8       0x58 CMakeFiles/stm32f1.dir/Drivers/STM32F1xx_HAL_Driver/Src/stm32f1xx_hal_gpio.c.obj
 .debug_aranges
                0x00000950      0x100 CMakeFiles/stm32f1.dir/Drivers/STM32F1xx_HAL_Driver/Src/stm32f1xx_hal_cortex.c.obj
 .debug_aranges
                0x00000a50       0x28 CMakeFiles/stm32f1.dir/Core/Src/system_stm32f1xx.c.obj
 .debug_aranges
                0x00000a78       0x28 CMakeFiles/stm32f1.dir/startup_stm32f103xb.s.obj

.debug_ranges   0x00000000      0x9b8
 .debug_ranges  0x00000000       0xd0 CMakeFiles/stm32f1.dir/Sparrow/scheduler/schedule.c.obj
 .debug_ranges  0x000000d0       0x28 CMakeFiles/stm32f1.dir/Sparrow/memory/heap.c.obj
 .debug_ranges  0x000000f8       0x28 CMakeFiles/stm32f1.dir/Sparrow/IPC/mutex.c.obj
 .debug_ranges  0x00000120       0x50 CMakeFiles/stm32f1.dir/Core/Src/main.c.obj
 .debug_ranges  0x00000170       0x40 CMakeFiles/stm32f1.dir/Core/Src/stm32f1xx_it.c.obj
 .debug_ranges  0x000001b0       0x10 CMakeFiles/stm32f1.dir/Core/Src/stm32f1xx_hal_msp.c.obj
 .debug_ranges  0x000001c0       0x20 CMakeFiles/stm32f1.dir/Core/Src/stm32f1xx_hal_timebase_tim.c.obj
 .debug_ranges  0x000001e0      0x3c0 CMakeFiles/stm32f1.dir/Drivers/STM32F1xx_HAL_Driver/Src/stm32f1xx_hal_tim.c.obj
 .debug_ranges  0x000005a0      0x158 CMakeFiles/stm32f1.dir/Drivers/STM32F1xx_HAL_Driver/Src/stm32f1xx_hal_tim_ex.c.obj
 .debug_ranges  0x000006f8       0xd0 CMakeFiles/stm32f1.dir/Drivers/STM32F1xx_HAL_Driver/Src/stm32f1xx_hal.c.obj
 .debug_ranges  0x000007c8       0x80 CMakeFiles/stm32f1.dir/Drivers/STM32F1xx_HAL_Driver/Src/stm32f1xx_hal_rcc.c.obj
 .debug_ranges  0x00000848       0x48 CMakeFiles/stm32f1.dir/Drivers/STM32F1xx_HAL_Driver/Src/stm32f1xx_hal_gpio.c.obj
 .debug_ranges  0x00000890       0xf0 CMakeFiles/stm32f1.dir/Drivers/STM32F1xx_HAL_Driver/Src/stm32f1xx_hal_cortex.c.obj
 .debug_ranges  0x00000980       0x18 CMakeFiles/stm32f1.dir/Core/Src/system_stm32f1xx.c.obj
 .debug_ranges  0x00000998       0x20 CMakeFiles/stm32f1.dir/startup_stm32f103xb.s.obj

.debug_macro    0x00000000    0x16a89
 .debug_macro   0x00000000       0xa7 CMakeFiles/stm32f1.dir/Sparrow/scheduler/schedule.c.obj
 .debug_macro   0x000000a7      0xa6c CMakeFiles/stm32f1.dir/Sparrow/scheduler/schedule.c.obj
 .debug_macro   0x00000b13      0x174 CMakeFiles/stm32f1.dir/Sparrow/scheduler/schedule.c.obj
 .debug_macro   0x00000c87       0x22 CMakeFiles/stm32f1.dir/Sparrow/scheduler/schedule.c.obj
 .debug_macro   0x00000ca9       0x8e CMakeFiles/stm32f1.dir/Sparrow/scheduler/schedule.c.obj
 .debug_macro   0x00000d37       0x51 CMakeFiles/stm32f1.dir/Sparrow/scheduler/schedule.c.obj
 .debug_macro   0x00000d88      0x103 CMakeFiles/stm32f1.dir/Sparrow/scheduler/schedule.c.obj
 .debug_macro   0x00000e8b       0x6a CMakeFiles/stm32f1.dir/Sparrow/scheduler/schedule.c.obj
 .debug_macro   0x00000ef5      0x1df CMakeFiles/stm32f1.dir/Sparrow/scheduler/schedule.c.obj
 .debug_macro   0x000010d4       0x58 CMakeFiles/stm32f1.dir/Sparrow/scheduler/schedule.c.obj
 .debug_macro   0x0000112c       0x8b CMakeFiles/stm32f1.dir/Sparrow/memory/heap.c.obj
 .debug_macro   0x000011b7       0x95 CMakeFiles/stm32f1.dir/Sparrow/IPC/mutex.c.obj
 .debug_macro   0x0000124c      0x274 CMakeFiles/stm32f1.dir/Core/Src/main.c.obj
 .debug_macro   0x000014c0      0x215 CMakeFiles/stm32f1.dir/Core/Src/main.c.obj
 .debug_macro   0x000016d5       0x2e CMakeFiles/stm32f1.dir/Core/Src/main.c.obj
 .debug_macro   0x00001703       0x22 CMakeFiles/stm32f1.dir/Core/Src/main.c.obj
 .debug_macro   0x00001725       0x1c CMakeFiles/stm32f1.dir/Core/Src/main.c.obj
 .debug_macro   0x00001741       0x22 CMakeFiles/stm32f1.dir/Core/Src/main.c.obj
 .debug_macro   0x00001763       0xbd CMakeFiles/stm32f1.dir/Core/Src/main.c.obj
 .debug_macro   0x00001820      0xd23 CMakeFiles/stm32f1.dir/Core/Src/main.c.obj
 .debug_macro   0x00002543     0xe09e CMakeFiles/stm32f1.dir/Core/Src/main.c.obj
 .debug_macro   0x000105e1       0x6d CMakeFiles/stm32f1.dir/Core/Src/main.c.obj
 .debug_macro   0x0001064e     0x34a2 CMakeFiles/stm32f1.dir/Core/Src/main.c.obj
 .debug_macro   0x00013af0       0x56 CMakeFiles/stm32f1.dir/Core/Src/main.c.obj
 .debug_macro   0x00013b46      0x5bc CMakeFiles/stm32f1.dir/Core/Src/main.c.obj
 .debug_macro   0x00014102      0x289 CMakeFiles/stm32f1.dir/Core/Src/main.c.obj
 .debug_macro   0x0001438b      0x1cb CMakeFiles/stm32f1.dir/Core/Src/main.c.obj
 .debug_macro   0x00014556      0x114 CMakeFiles/stm32f1.dir/Core/Src/main.c.obj
 .debug_macro   0x0001466a      0x1b2 CMakeFiles/stm32f1.dir/Core/Src/main.c.obj
 .debug_macro   0x0001481c       0x27 CMakeFiles/stm32f1.dir/Core/Src/main.c.obj
 .debug_macro   0x00014843      0x136 CMakeFiles/stm32f1.dir/Core/Src/main.c.obj
 .debug_macro   0x00014979      0x1bc CMakeFiles/stm32f1.dir/Core/Src/main.c.obj
 .debug_macro   0x00014b35       0x34 CMakeFiles/stm32f1.dir/Core/Src/main.c.obj
 .debug_macro   0x00014b69       0x3c CMakeFiles/stm32f1.dir/Core/Src/main.c.obj
 .debug_macro   0x00014ba5       0x57 CMakeFiles/stm32f1.dir/Core/Src/main.c.obj
 .debug_macro   0x00014bfc       0x87 CMakeFiles/stm32f1.dir/Core/Src/main.c.obj
 .debug_macro   0x00014c83      0x240 CMakeFiles/stm32f1.dir/Core/Src/main.c.obj
 .debug_macro   0x00014ec3      0x140 CMakeFiles/stm32f1.dir/Core/Src/main.c.obj
 .debug_macro   0x00015003      0x8ed CMakeFiles/stm32f1.dir/Core/Src/main.c.obj
 .debug_macro   0x000158f0       0x83 CMakeFiles/stm32f1.dir/Core/Src/main.c.obj
 .debug_macro   0x00015973      0x1ad CMakeFiles/stm32f1.dir/Core/Src/stm32f1xx_it.c.obj
 .debug_macro   0x00015b20       0x5c CMakeFiles/stm32f1.dir/Core/Src/stm32f1xx_it.c.obj
 .debug_macro   0x00015b7c      0x1a3 CMakeFiles/stm32f1.dir/Core/Src/stm32f1xx_hal_msp.c.obj
 .debug_macro   0x00015d1f      0x199 CMakeFiles/stm32f1.dir/Core/Src/stm32f1xx_hal_timebase_tim.c.obj
 .debug_macro   0x00015eb8      0x19a CMakeFiles/stm32f1.dir/Drivers/STM32F1xx_HAL_Driver/Src/stm32f1xx_hal_tim.c.obj
 .debug_macro   0x00016052      0x199 CMakeFiles/stm32f1.dir/Drivers/STM32F1xx_HAL_Driver/Src/stm32f1xx_hal_tim_ex.c.obj
 .debug_macro   0x000161eb      0x1bd CMakeFiles/stm32f1.dir/Drivers/STM32F1xx_HAL_Driver/Src/stm32f1xx_hal.c.obj
 .debug_macro   0x000163a8      0x1ab CMakeFiles/stm32f1.dir/Drivers/STM32F1xx_HAL_Driver/Src/stm32f1xx_hal_rcc.c.obj
 .debug_macro   0x00016553      0x204 CMakeFiles/stm32f1.dir/Drivers/STM32F1xx_HAL_Driver/Src/stm32f1xx_hal_gpio.c.obj
 .debug_macro   0x00016757      0x199 CMakeFiles/stm32f1.dir/Drivers/STM32F1xx_HAL_Driver/Src/stm32f1xx_hal_cortex.c.obj
 .debug_macro   0x000168f0      0x199 CMakeFiles/stm32f1.dir/Core/Src/system_stm32f1xx.c.obj

.debug_line     0x00000000     0x9b9e
 .debug_line    0x00000000      0x661 CMakeFiles/stm32f1.dir/Sparrow/scheduler/schedule.c.obj
 .debug_line    0x00000661      0x394 CMakeFiles/stm32f1.dir/Sparrow/memory/heap.c.obj
 .debug_line    0x000009f5      0x365 CMakeFiles/stm32f1.dir/Sparrow/IPC/mutex.c.obj
 .debug_line    0x00000d5a      0x7a2 CMakeFiles/stm32f1.dir/Core/Src/main.c.obj
 .debug_line    0x000014fc      0x5d0 CMakeFiles/stm32f1.dir/Core/Src/stm32f1xx_it.c.obj
 .debug_line    0x00001acc      0x535 CMakeFiles/stm32f1.dir/Core/Src/stm32f1xx_hal_msp.c.obj
 .debug_line    0x00002001      0x5a2 CMakeFiles/stm32f1.dir/Core/Src/stm32f1xx_hal_timebase_tim.c.obj
 .debug_line    0x000025a3     0x3285 CMakeFiles/stm32f1.dir/Drivers/STM32F1xx_HAL_Driver/Src/stm32f1xx_hal_tim.c.obj
 .debug_line    0x00005828     0x1725 CMakeFiles/stm32f1.dir/Drivers/STM32F1xx_HAL_Driver/Src/stm32f1xx_hal_tim_ex.c.obj
 .debug_line    0x00006f4d      0x7df CMakeFiles/stm32f1.dir/Drivers/STM32F1xx_HAL_Driver/Src/stm32f1xx_hal.c.obj
 .debug_line    0x0000772c      0xbeb CMakeFiles/stm32f1.dir/Drivers/STM32F1xx_HAL_Driver/Src/stm32f1xx_hal_rcc.c.obj
 .debug_line    0x00008317      0x878 CMakeFiles/stm32f1.dir/Drivers/STM32F1xx_HAL_Driver/Src/stm32f1xx_hal_gpio.c.obj
 .debug_line    0x00008b8f      0x9c7 CMakeFiles/stm32f1.dir/Drivers/STM32F1xx_HAL_Driver/Src/stm32f1xx_hal_cortex.c.obj
 .debug_line    0x00009556      0x5b2 CMakeFiles/stm32f1.dir/Core/Src/system_stm32f1xx.c.obj
 .debug_line    0x00009b08       0x96 CMakeFiles/stm32f1.dir/startup_stm32f103xb.s.obj

.debug_str      0x00000000    0x87168
 .debug_str     0x00000000     0x42d8 CMakeFiles/stm32f1.dir/Sparrow/scheduler/schedule.c.obj
                               0x453d (size before relaxing)
 .debug_str     0x000042d8      0x16d CMakeFiles/stm32f1.dir/Sparrow/memory/heap.c.obj
                               0x4189 (size before relaxing)
 .debug_str     0x00004445      0x112 CMakeFiles/stm32f1.dir/Sparrow/IPC/mutex.c.obj
                               0x417c (size before relaxing)
 .debug_str     0x00004557    0x80758 CMakeFiles/stm32f1.dir/Core/Src/main.c.obj
                              0x8498a (size before relaxing)
 .debug_str     0x00084caf       0xb7 CMakeFiles/stm32f1.dir/Core/Src/stm32f1xx_it.c.obj
                              0x81e1a (size before relaxing)
 .debug_str     0x00084d66       0x6f CMakeFiles/stm32f1.dir/Core/Src/stm32f1xx_hal_msp.c.obj
                              0x8195b (size before relaxing)
 .debug_str     0x00084dd5      0x332 CMakeFiles/stm32f1.dir/Core/Src/stm32f1xx_hal_timebase_tim.c.obj
                              0x821b8 (size before relaxing)
 .debug_str     0x00085107      0xe7c CMakeFiles/stm32f1.dir/Drivers/STM32F1xx_HAL_Driver/Src/stm32f1xx_hal_tim.c.obj
                              0x82d2e (size before relaxing)
 .debug_str     0x00085f83      0x557 CMakeFiles/stm32f1.dir/Drivers/STM32F1xx_HAL_Driver/Src/stm32f1xx_hal_tim_ex.c.obj
                              0x824cf (size before relaxing)
 .debug_str     0x000864da      0x353 CMakeFiles/stm32f1.dir/Drivers/STM32F1xx_HAL_Driver/Src/stm32f1xx_hal.c.obj
                              0x8206a (size before relaxing)
 .debug_str     0x0008682d      0x280 CMakeFiles/stm32f1.dir/Drivers/STM32F1xx_HAL_Driver/Src/stm32f1xx_hal_rcc.c.obj
                              0x81d8e (size before relaxing)
 .debug_str     0x00086aad      0x33e CMakeFiles/stm32f1.dir/Drivers/STM32F1xx_HAL_Driver/Src/stm32f1xx_hal_gpio.c.obj
                              0x81d0c (size before relaxing)
 .debug_str     0x00086deb      0x2c6 CMakeFiles/stm32f1.dir/Drivers/STM32F1xx_HAL_Driver/Src/stm32f1xx_hal_cortex.c.obj
                              0x82005 (size before relaxing)
 .debug_str     0x000870b1       0x71 CMakeFiles/stm32f1.dir/Core/Src/system_stm32f1xx.c.obj
                              0x81986 (size before relaxing)
 .debug_str     0x00087122       0x46 CMakeFiles/stm32f1.dir/startup_stm32f103xb.s.obj
                                 0x7a (size before relaxing)

.comment        0x00000000       0x49
 .comment       0x00000000       0x49 CMakeFiles/stm32f1.dir/Sparrow/scheduler/schedule.c.obj
                                 0x4a (size before relaxing)
 .comment       0x00000049       0x4a CMakeFiles/stm32f1.dir/Sparrow/memory/heap.c.obj
 .comment       0x00000049       0x4a CMakeFiles/stm32f1.dir/Sparrow/IPC/mutex.c.obj
 .comment       0x00000049       0x4a CMakeFiles/stm32f1.dir/Core/Src/main.c.obj
 .comment       0x00000049       0x4a CMakeFiles/stm32f1.dir/Core/Src/stm32f1xx_it.c.obj
 .comment       0x00000049       0x4a CMakeFiles/stm32f1.dir/Core/Src/stm32f1xx_hal_msp.c.obj
 .comment       0x00000049       0x4a CMakeFiles/stm32f1.dir/Core/Src/stm32f1xx_hal_timebase_tim.c.obj
 .comment       0x00000049       0x4a CMakeFiles/stm32f1.dir/Drivers/STM32F1xx_HAL_Driver/Src/stm32f1xx_hal_tim.c.obj
 .comment       0x00000049       0x4a CMakeFiles/stm32f1.dir/Drivers/STM32F1xx_HAL_Driver/Src/stm32f1xx_hal_tim_ex.c.obj
 .comment       0x00000049       0x4a CMakeFiles/stm32f1.dir/Drivers/STM32F1xx_HAL_Driver/Src/stm32f1xx_hal.c.obj
 .comment       0x00000049       0x4a CMakeFiles/stm32f1.dir/Drivers/STM32F1xx_HAL_Driver/Src/stm32f1xx_hal_rcc.c.obj
 .comment       0x00000049       0x4a CMakeFiles/stm32f1.dir/Drivers/STM32F1xx_HAL_Driver/Src/stm32f1xx_hal_gpio.c.obj
 .comment       0x00000049       0x4a CMakeFiles/stm32f1.dir/Drivers/STM32F1xx_HAL_Driver/Src/stm32f1xx_hal_cortex.c.obj
 .comment       0x00000049       0x4a CMakeFiles/stm32f1.dir/Core/Src/system_stm32f1xx.c.obj
